17:24:11 **** Incremental Build of configuration Debug for project Lesson_10 - Terminal Program ****
make all 
Building file: ../src/Terminal.c
Invoking: Cross ARM C Compiler
arm-none-eabi-gcc -mcpu=cortex-m0 -mthumb -Og -fmessage-length=0 -fsigned-char -ffunction-sections -fdata-sections -ffreestanding -fno-move-loop-invariants -Wall -Wextra  -g3 -DDEBUG -DUSE_FULL_ASSERT -DTRACE -DOS_USE_TRACE_SEMIHOSTING_DEBUG -DSTM32F030 -DUSE_STDPERIPH_DRIVER -DHSE_VALUE=8000000 -I"../include" -I"../system/include" -I"../system/include/cmsis" -I"../system/include/stm32f0-stdperiph" -std=gnu11 -MMD -MP -MF"src/Terminal.d" -MT"src/Terminal.o" -c -o "src/Terminal.o" "../src/Terminal.c"
Finished building: ../src/Terminal.c
 
Building target: Lesson_10 - Terminal Program.elf
Invoking: Cross ARM C++ Linker
arm-none-eabi-g++ -mcpu=cortex-m0 -mthumb -Og -fmessage-length=0 -fsigned-char -ffunction-sections -fdata-sections -ffreestanding -fno-move-loop-invariants -Wall -Wextra  -g3 -T mem.ld -T libs.ld -T sections.ld -nostartfiles -Xlinker --gc-sections -L"../ldscripts" -Wl,-Map,"Lesson_10 - Terminal Program.map" --specs=nano.specs -o "Lesson_10 - Terminal Program.elf"  ./system/src/stm32f0-stdperiph/stm32f0xx_gpio.o ./system/src/stm32f0-stdperiph/stm32f0xx_rcc.o  ./system/src/newlib/_cxx.o ./system/src/newlib/_exit.o ./system/src/newlib/_sbrk.o ./system/src/newlib/_startup.o ./system/src/newlib/_syscalls.o ./system/src/newlib/assert.o  ./system/src/diag/Trace.o ./system/src/diag/trace_impl.o  ./system/src/cortexm/_initialize_hardware.o ./system/src/cortexm/_reset_hardware.o ./system/src/cortexm/exception_handlers.o  ./system/src/cmsis/system_stm32f0xx.o ./system/src/cmsis/vectors_stm32f0xx.o  ./src/MCU/led.o ./src/MCU/tick.o ./src/MCU/usart2.o  ./src/FIFO.o ./src/Terminal.o ./src/main.o   
Finished building target: Lesson_10 - Terminal Program.elf
 
make --no-print-directory post-build
Binary
arm-none-eabi-objcopy -S  -O binary  "Lesson_10 - Terminal Program.elf" "Lesson_10 - Terminal Program.bin"
 
Invoking: Cross ARM GNU Create Flash Image
arm-none-eabi-objcopy -O ihex "Lesson_10 - Terminal Program.elf"  "Lesson_10 - Terminal Program.hex"
Finished building: Lesson_10 - Terminal Program.hex
 
Invoking: Cross ARM GNU Print Size
arm-none-eabi-size --format=berkeley "Lesson_10 - Terminal Program.elf"
   text	   data	    bss	    dec	    hex	filename
   5225	    208	   3048	   8481	   2121	Lesson_10 - Terminal Program.elf
Finished building: Lesson_10 - Terminal Program.siz
 
17:33:48 **** Incremental Build of configuration Debug for project Lesson_10 - Terminal Program ****
make all 
Building file: ../system/src/stm32f0-stdperiph/stm32f0xx_gpio.c
Invoking: Cross ARM C Compiler
arm-none-eabi-gcc -mcpu=cortex-m0 -mthumb -Og -fmessage-length=0 -fsigned-char -ffunction-sections -fdata-sections -ffreestanding -fno-move-loop-invariants -Wall -Wextra  -g3 -DDEBUG -DUSE_FULL_ASSERT -DTRACE -DOS_USE_TRACE_SEMIHOSTING_DEBUG -DSTM32F030 -DUSE_STDPERIPH_DRIVER -DHSE_VALUE=8000000 -I"../include" -I"../system/include" -I"../system/include/cmsis" -I"../system/include/stm32f0-stdperiph" -std=gnu11 -MMD -MP -MF"system/src/stm32f0-stdperiph/stm32f0xx_gpio.d" -MT"system/src/stm32f0-stdperiph/stm32f0xx_gpio.o" -c -o "system/src/stm32f0-stdperiph/stm32f0xx_gpio.o" "../system/src/stm32f0-stdperiph/stm32f0xx_gpio.c"
Finished building: ../system/src/stm32f0-stdperiph/stm32f0xx_gpio.c
 
Building file: ../system/src/stm32f0-stdperiph/stm32f0xx_rcc.c
Invoking: Cross ARM C Compiler
arm-none-eabi-gcc -mcpu=cortex-m0 -mthumb -Og -fmessage-length=0 -fsigned-char -ffunction-sections -fdata-sections -ffreestanding -fno-move-loop-invariants -Wall -Wextra  -g3 -DDEBUG -DUSE_FULL_ASSERT -DTRACE -DOS_USE_TRACE_SEMIHOSTING_DEBUG -DSTM32F030 -DUSE_STDPERIPH_DRIVER -DHSE_VALUE=8000000 -I"../include" -I"../system/include" -I"../system/include/cmsis" -I"../system/include/stm32f0-stdperiph" -std=gnu11 -MMD -MP -MF"system/src/stm32f0-stdperiph/stm32f0xx_rcc.d" -MT"system/src/stm32f0-stdperiph/stm32f0xx_rcc.o" -c -o "system/src/stm32f0-stdperiph/stm32f0xx_rcc.o" "../system/src/stm32f0-stdperiph/stm32f0xx_rcc.c"
Finished building: ../system/src/stm32f0-stdperiph/stm32f0xx_rcc.c
 
Building file: ../system/src/newlib/_cxx.cpp
Invoking: Cross ARM C++ Compiler
arm-none-eabi-g++ -mcpu=cortex-m0 -mthumb -Og -fmessage-length=0 -fsigned-char -ffunction-sections -fdata-sections -ffreestanding -fno-move-loop-invariants -Wall -Wextra  -g3 -DDEBUG -DUSE_FULL_ASSERT -DTRACE -DOS_USE_TRACE_SEMIHOSTING_DEBUG -DSTM32F030 -DUSE_STDPERIPH_DRIVER -DHSE_VALUE=8000000 -I"../include" -I"../system/include" -I"../system/include/cmsis" -I"../system/include/stm32f0-stdperiph" -std=gnu++11 -fabi-version=0 -fno-exceptions -fno-rtti -fno-use-cxa-atexit -fno-threadsafe-statics -MMD -MP -MF"system/src/newlib/_cxx.d" -MT"system/src/newlib/_cxx.o" -c -o "system/src/newlib/_cxx.o" "../system/src/newlib/_cxx.cpp"
Finished building: ../system/src/newlib/_cxx.cpp
 
Building file: ../system/src/newlib/_exit.c
Invoking: Cross ARM C Compiler
arm-none-eabi-gcc -mcpu=cortex-m0 -mthumb -Og -fmessage-length=0 -fsigned-char -ffunction-sections -fdata-sections -ffreestanding -fno-move-loop-invariants -Wall -Wextra  -g3 -DDEBUG -DUSE_FULL_ASSERT -DTRACE -DOS_USE_TRACE_SEMIHOSTING_DEBUG -DSTM32F030 -DUSE_STDPERIPH_DRIVER -DHSE_VALUE=8000000 -I"../include" -I"../system/include" -I"../system/include/cmsis" -I"../system/include/stm32f0-stdperiph" -std=gnu11 -MMD -MP -MF"system/src/newlib/_exit.d" -MT"system/src/newlib/_exit.o" -c -o "system/src/newlib/_exit.o" "../system/src/newlib/_exit.c"
Finished building: ../system/src/newlib/_exit.c
 
Building file: ../system/src/newlib/_sbrk.c
Invoking: Cross ARM C Compiler
arm-none-eabi-gcc -mcpu=cortex-m0 -mthumb -Og -fmessage-length=0 -fsigned-char -ffunction-sections -fdata-sections -ffreestanding -fno-move-loop-invariants -Wall -Wextra  -g3 -DDEBUG -DUSE_FULL_ASSERT -DTRACE -DOS_USE_TRACE_SEMIHOSTING_DEBUG -DSTM32F030 -DUSE_STDPERIPH_DRIVER -DHSE_VALUE=8000000 -I"../include" -I"../system/include" -I"../system/include/cmsis" -I"../system/include/stm32f0-stdperiph" -std=gnu11 -MMD -MP -MF"system/src/newlib/_sbrk.d" -MT"system/src/newlib/_sbrk.o" -c -o "system/src/newlib/_sbrk.o" "../system/src/newlib/_sbrk.c"
Finished building: ../system/src/newlib/_sbrk.c
 
Building file: ../system/src/newlib/_startup.c
Invoking: Cross ARM C Compiler
arm-none-eabi-gcc -mcpu=cortex-m0 -mthumb -Og -fmessage-length=0 -fsigned-char -ffunction-sections -fdata-sections -ffreestanding -fno-move-loop-invariants -Wall -Wextra  -g3 -DDEBUG -DUSE_FULL_ASSERT -DTRACE -DOS_USE_TRACE_SEMIHOSTING_DEBUG -DSTM32F030 -DUSE_STDPERIPH_DRIVER -DHSE_VALUE=8000000 -I"../include" -I"../system/include" -I"../system/include/cmsis" -I"../system/include/stm32f0-stdperiph" -std=gnu11 -MMD -MP -MF"system/src/newlib/_startup.d" -MT"system/src/newlib/_startup.o" -c -o "system/src/newlib/_startup.o" "../system/src/newlib/_startup.c"
Finished building: ../system/src/newlib/_startup.c
 
Building file: ../system/src/newlib/_syscalls.c
Invoking: Cross ARM C Compiler
arm-none-eabi-gcc -mcpu=cortex-m0 -mthumb -Og -fmessage-length=0 -fsigned-char -ffunction-sections -fdata-sections -ffreestanding -fno-move-loop-invariants -Wall -Wextra  -g3 -DDEBUG -DUSE_FULL_ASSERT -DTRACE -DOS_USE_TRACE_SEMIHOSTING_DEBUG -DSTM32F030 -DUSE_STDPERIPH_DRIVER -DHSE_VALUE=8000000 -I"../include" -I"../system/include" -I"../system/include/cmsis" -I"../system/include/stm32f0-stdperiph" -std=gnu11 -MMD -MP -MF"system/src/newlib/_syscalls.d" -MT"system/src/newlib/_syscalls.o" -c -o "system/src/newlib/_syscalls.o" "../system/src/newlib/_syscalls.c"
Finished building: ../system/src/newlib/_syscalls.c
 
Building file: ../system/src/newlib/assert.c
Invoking: Cross ARM C Compiler
arm-none-eabi-gcc -mcpu=cortex-m0 -mthumb -Og -fmessage-length=0 -fsigned-char -ffunction-sections -fdata-sections -ffreestanding -fno-move-loop-invariants -Wall -Wextra  -g3 -DDEBUG -DUSE_FULL_ASSERT -DTRACE -DOS_USE_TRACE_SEMIHOSTING_DEBUG -DSTM32F030 -DUSE_STDPERIPH_DRIVER -DHSE_VALUE=8000000 -I"../include" -I"../system/include" -I"../system/include/cmsis" -I"../system/include/stm32f0-stdperiph" -std=gnu11 -MMD -MP -MF"system/src/newlib/assert.d" -MT"system/src/newlib/assert.o" -c -o "system/src/newlib/assert.o" "../system/src/newlib/assert.c"
Finished building: ../system/src/newlib/assert.c
 
Building file: ../system/src/diag/Trace.c
Invoking: Cross ARM C Compiler
arm-none-eabi-gcc -mcpu=cortex-m0 -mthumb -Og -fmessage-length=0 -fsigned-char -ffunction-sections -fdata-sections -ffreestanding -fno-move-loop-invariants -Wall -Wextra  -g3 -DDEBUG -DUSE_FULL_ASSERT -DTRACE -DOS_USE_TRACE_SEMIHOSTING_DEBUG -DSTM32F030 -DUSE_STDPERIPH_DRIVER -DHSE_VALUE=8000000 -I"../include" -I"../system/include" -I"../system/include/cmsis" -I"../system/include/stm32f0-stdperiph" -std=gnu11 -MMD -MP -MF"system/src/diag/Trace.d" -MT"system/src/diag/Trace.o" -c -o "system/src/diag/Trace.o" "../system/src/diag/Trace.c"
Finished building: ../system/src/diag/Trace.c
 
Building file: ../system/src/diag/trace_impl.c
Invoking: Cross ARM C Compiler
arm-none-eabi-gcc -mcpu=cortex-m0 -mthumb -Og -fmessage-length=0 -fsigned-char -ffunction-sections -fdata-sections -ffreestanding -fno-move-loop-invariants -Wall -Wextra  -g3 -DDEBUG -DUSE_FULL_ASSERT -DTRACE -DOS_USE_TRACE_SEMIHOSTING_DEBUG -DSTM32F030 -DUSE_STDPERIPH_DRIVER -DHSE_VALUE=8000000 -I"../include" -I"../system/include" -I"../system/include/cmsis" -I"../system/include/stm32f0-stdperiph" -std=gnu11 -MMD -MP -MF"system/src/diag/trace_impl.d" -MT"system/src/diag/trace_impl.o" -c -o "system/src/diag/trace_impl.o" "../system/src/diag/trace_impl.c"
Finished building: ../system/src/diag/trace_impl.c
 
Building file: ../system/src/cortexm/_initialize_hardware.c
Invoking: Cross ARM C Compiler
arm-none-eabi-gcc -mcpu=cortex-m0 -mthumb -Og -fmessage-length=0 -fsigned-char -ffunction-sections -fdata-sections -ffreestanding -fno-move-loop-invariants -Wall -Wextra  -g3 -DDEBUG -DUSE_FULL_ASSERT -DTRACE -DOS_USE_TRACE_SEMIHOSTING_DEBUG -DSTM32F030 -DUSE_STDPERIPH_DRIVER -DHSE_VALUE=8000000 -I"../include" -I"../system/include" -I"../system/include/cmsis" -I"../system/include/stm32f0-stdperiph" -std=gnu11 -MMD -MP -MF"system/src/cortexm/_initialize_hardware.d" -MT"system/src/cortexm/_initialize_hardware.o" -c -o "system/src/cortexm/_initialize_hardware.o" "../system/src/cortexm/_initialize_hardware.c"
Finished building: ../system/src/cortexm/_initialize_hardware.c
 
Building file: ../system/src/cortexm/_reset_hardware.c
Invoking: Cross ARM C Compiler
arm-none-eabi-gcc -mcpu=cortex-m0 -mthumb -Og -fmessage-length=0 -fsigned-char -ffunction-sections -fdata-sections -ffreestanding -fno-move-loop-invariants -Wall -Wextra  -g3 -DDEBUG -DUSE_FULL_ASSERT -DTRACE -DOS_USE_TRACE_SEMIHOSTING_DEBUG -DSTM32F030 -DUSE_STDPERIPH_DRIVER -DHSE_VALUE=8000000 -I"../include" -I"../system/include" -I"../system/include/cmsis" -I"../system/include/stm32f0-stdperiph" -std=gnu11 -MMD -MP -MF"system/src/cortexm/_reset_hardware.d" -MT"system/src/cortexm/_reset_hardware.o" -c -o "system/src/cortexm/_reset_hardware.o" "../system/src/cortexm/_reset_hardware.c"
Finished building: ../system/src/cortexm/_reset_hardware.c
 
Building file: ../system/src/cortexm/exception_handlers.c
Invoking: Cross ARM C Compiler
arm-none-eabi-gcc -mcpu=cortex-m0 -mthumb -Og -fmessage-length=0 -fsigned-char -ffunction-sections -fdata-sections -ffreestanding -fno-move-loop-invariants -Wall -Wextra  -g3 -DDEBUG -DUSE_FULL_ASSERT -DTRACE -DOS_USE_TRACE_SEMIHOSTING_DEBUG -DSTM32F030 -DUSE_STDPERIPH_DRIVER -DHSE_VALUE=8000000 -I"../include" -I"../system/include" -I"../system/include/cmsis" -I"../system/include/stm32f0-stdperiph" -std=gnu11 -MMD -MP -MF"system/src/cortexm/exception_handlers.d" -MT"system/src/cortexm/exception_handlers.o" -c -o "system/src/cortexm/exception_handlers.o" "../system/src/cortexm/exception_handlers.c"
Finished building: ../system/src/cortexm/exception_handlers.c
 
Building file: ../system/src/cmsis/system_stm32f0xx.c
Invoking: Cross ARM C Compiler
arm-none-eabi-gcc -mcpu=cortex-m0 -mthumb -Og -fmessage-length=0 -fsigned-char -ffunction-sections -fdata-sections -ffreestanding -fno-move-loop-invariants -Wall -Wextra  -g3 -DDEBUG -DUSE_FULL_ASSERT -DTRACE -DOS_USE_TRACE_SEMIHOSTING_DEBUG -DSTM32F030 -DUSE_STDPERIPH_DRIVER -DHSE_VALUE=8000000 -I"../include" -I"../system/include" -I"../system/include/cmsis" -I"../system/include/stm32f0-stdperiph" -std=gnu11 -MMD -MP -MF"system/src/cmsis/system_stm32f0xx.d" -MT"system/src/cmsis/system_stm32f0xx.o" -c -o "system/src/cmsis/system_stm32f0xx.o" "../system/src/cmsis/system_stm32f0xx.c"
Finished building: ../system/src/cmsis/system_stm32f0xx.c
 
Building file: ../system/src/cmsis/vectors_stm32f0xx.c
Invoking: Cross ARM C Compiler
arm-none-eabi-gcc -mcpu=cortex-m0 -mthumb -Og -fmessage-length=0 -fsigned-char -ffunction-sections -fdata-sections -ffreestanding -fno-move-loop-invariants -Wall -Wextra  -g3 -DDEBUG -DUSE_FULL_ASSERT -DTRACE -DOS_USE_TRACE_SEMIHOSTING_DEBUG -DSTM32F030 -DUSE_STDPERIPH_DRIVER -DHSE_VALUE=8000000 -I"../include" -I"../system/include" -I"../system/include/cmsis" -I"../system/include/stm32f0-stdperiph" -std=gnu11 -MMD -MP -MF"system/src/cmsis/vectors_stm32f0xx.d" -MT"system/src/cmsis/vectors_stm32f0xx.o" -c -o "system/src/cmsis/vectors_stm32f0xx.o" "../system/src/cmsis/vectors_stm32f0xx.c"
Finished building: ../system/src/cmsis/vectors_stm32f0xx.c
 
Building file: ../src/MCU/led.c
Invoking: Cross ARM C Compiler
arm-none-eabi-gcc -mcpu=cortex-m0 -mthumb -Og -fmessage-length=0 -fsigned-char -ffunction-sections -fdata-sections -ffreestanding -fno-move-loop-invariants -Wall -Wextra  -g3 -DDEBUG -DUSE_FULL_ASSERT -DTRACE -DOS_USE_TRACE_SEMIHOSTING_DEBUG -DSTM32F030 -DUSE_STDPERIPH_DRIVER -DHSE_VALUE=8000000 -I"../include" -I"../system/include" -I"../system/include/cmsis" -I"../system/include/stm32f0-stdperiph" -std=gnu11 -MMD -MP -MF"src/MCU/led.d" -MT"src/MCU/led.o" -c -o "src/MCU/led.o" "../src/MCU/led.c"
Finished building: ../src/MCU/led.c
 
Building file: ../src/MCU/tick.c
Invoking: Cross ARM C Compiler
arm-none-eabi-gcc -mcpu=cortex-m0 -mthumb -Og -fmessage-length=0 -fsigned-char -ffunction-sections -fdata-sections -ffreestanding -fno-move-loop-invariants -Wall -Wextra  -g3 -DDEBUG -DUSE_FULL_ASSERT -DTRACE -DOS_USE_TRACE_SEMIHOSTING_DEBUG -DSTM32F030 -DUSE_STDPERIPH_DRIVER -DHSE_VALUE=8000000 -I"../include" -I"../system/include" -I"../system/include/cmsis" -I"../system/include/stm32f0-stdperiph" -std=gnu11 -MMD -MP -MF"src/MCU/tick.d" -MT"src/MCU/tick.o" -c -o "src/MCU/tick.o" "../src/MCU/tick.c"
Finished building: ../src/MCU/tick.c
 
Building file: ../src/MCU/usart2.c
Invoking: Cross ARM C Compiler
arm-none-eabi-gcc -mcpu=cortex-m0 -mthumb -Og -fmessage-length=0 -fsigned-char -ffunction-sections -fdata-sections -ffreestanding -fno-move-loop-invariants -Wall -Wextra  -g3 -DDEBUG -DUSE_FULL_ASSERT -DTRACE -DOS_USE_TRACE_SEMIHOSTING_DEBUG -DSTM32F030 -DUSE_STDPERIPH_DRIVER -DHSE_VALUE=8000000 -I"../include" -I"../system/include" -I"../system/include/cmsis" -I"../system/include/stm32f0-stdperiph" -std=gnu11 -MMD -MP -MF"src/MCU/usart2.d" -MT"src/MCU/usart2.o" -c -o "src/MCU/usart2.o" "../src/MCU/usart2.c"
Finished building: ../src/MCU/usart2.c
 
Building file: ../src/FIFO.c
Invoking: Cross ARM C Compiler
arm-none-eabi-gcc -mcpu=cortex-m0 -mthumb -Og -fmessage-length=0 -fsigned-char -ffunction-sections -fdata-sections -ffreestanding -fno-move-loop-invariants -Wall -Wextra  -g3 -DDEBUG -DUSE_FULL_ASSERT -DTRACE -DOS_USE_TRACE_SEMIHOSTING_DEBUG -DSTM32F030 -DUSE_STDPERIPH_DRIVER -DHSE_VALUE=8000000 -I"../include" -I"../system/include" -I"../system/include/cmsis" -I"../system/include/stm32f0-stdperiph" -std=gnu11 -MMD -MP -MF"src/FIFO.d" -MT"src/FIFO.o" -c -o "src/FIFO.o" "../src/FIFO.c"
Finished building: ../src/FIFO.c
 
Building file: ../src/Terminal.c
Invoking: Cross ARM C Compiler
arm-none-eabi-gcc -mcpu=cortex-m0 -mthumb -Og -fmessage-length=0 -fsigned-char -ffunction-sections -fdata-sections -ffreestanding -fno-move-loop-invariants -Wall -Wextra  -g3 -DDEBUG -DUSE_FULL_ASSERT -DTRACE -DOS_USE_TRACE_SEMIHOSTING_DEBUG -DSTM32F030 -DUSE_STDPERIPH_DRIVER -DHSE_VALUE=8000000 -I"../include" -I"../system/include" -I"../system/include/cmsis" -I"../system/include/stm32f0-stdperiph" -std=gnu11 -MMD -MP -MF"src/Terminal.d" -MT"src/Terminal.o" -c -o "src/Terminal.o" "../src/Terminal.c"
Finished building: ../src/Terminal.c
 
Building file: ../src/main.c
Invoking: Cross ARM C Compiler
arm-none-eabi-gcc -mcpu=cortex-m0 -mthumb -Og -fmessage-length=0 -fsigned-char -ffunction-sections -fdata-sections -ffreestanding -fno-move-loop-invariants -Wall -Wextra  -g3 -DDEBUG -DUSE_FULL_ASSERT -DTRACE -DOS_USE_TRACE_SEMIHOSTING_DEBUG -DSTM32F030 -DUSE_STDPERIPH_DRIVER -DHSE_VALUE=8000000 -I"../include" -I"../system/include" -I"../system/include/cmsis" -I"../system/include/stm32f0-stdperiph" -std=gnu11 -MMD -MP -MF"src/main.d" -MT"src/main.o" -c -o "src/main.o" "../src/main.c"
Finished building: ../src/main.c
 
Building target: Lesson_10 - Terminal Program.elf
Invoking: Cross ARM C++ Linker
arm-none-eabi-g++ -mcpu=cortex-m0 -mthumb -Og -fmessage-length=0 -fsigned-char -ffunction-sections -fdata-sections -ffreestanding -fno-move-loop-invariants -Wall -Wextra  -g3 -T mem.ld -T libs.ld -T sections.ld -nostartfiles -Xlinker --gc-sections -L"../ldscripts" -Wl,-Map,"Lesson_10 - Terminal Program.map" --specs=nano.specs -o "Lesson_10 - Terminal Program.elf"  ./system/src/stm32f0-stdperiph/stm32f0xx_gpio.o ./system/src/stm32f0-stdperiph/stm32f0xx_rcc.o  ./system/src/newlib/_cxx.o ./system/src/newlib/_exit.o ./system/src/newlib/_sbrk.o ./system/src/newlib/_startup.o ./system/src/newlib/_syscalls.o ./system/src/newlib/assert.o  ./system/src/diag/Trace.o ./system/src/diag/trace_impl.o  ./system/src/cortexm/_initialize_hardware.o ./system/src/cortexm/_reset_hardware.o ./system/src/cortexm/exception_handlers.o  ./system/src/cmsis/system_stm32f0xx.o ./system/src/cmsis/vectors_stm32f0xx.o  ./src/MCU/led.o ./src/MCU/tick.o ./src/MCU/usart2.o  ./src/FIFO.o ./src/Terminal.o ./src/main.o   
Finished building target: Lesson_10 - Terminal Program.elf
 
make --no-print-directory post-build
Binary
arm-none-eabi-objcopy -S  -O binary  "Lesson_10 - Terminal Program.elf" "Lesson_10 - Terminal Program.bin"
 
Invoking: Cross ARM GNU Create Flash Image
arm-none-eabi-objcopy -O ihex "Lesson_10 - Terminal Program.elf"  "Lesson_10 - Terminal Program.hex"
Finished building: Lesson_10 - Terminal Program.hex
 
Invoking: Cross ARM GNU Print Size
arm-none-eabi-size --format=berkeley "Lesson_10 - Terminal Program.elf"
   text	   data	    bss	    dec	    hex	filename
   5225	    208	   3048	   8481	   2121	Lesson_10 - Terminal Program.elf
Finished building: Lesson_10 - Terminal Program.siz
 
17:40:19 **** Incremental Build of configuration Debug for project Lesson_10 - Terminal Program ****
make all 
Building file: ../src/Terminal.c
Invoking: Cross ARM C Compiler
arm-none-eabi-gcc -mcpu=cortex-m0 -mthumb -Og -fmessage-length=0 -fsigned-char -ffunction-sections -fdata-sections -ffreestanding -fno-move-loop-invariants -Wall -Wextra  -g3 -DDEBUG -DUSE_FULL_ASSERT -DTRACE -DOS_USE_TRACE_SEMIHOSTING_DEBUG -DSTM32F030 -DUSE_STDPERIPH_DRIVER -DHSE_VALUE=8000000 -I"../include" -I"../system/include" -I"../system/include/cmsis" -I"../system/include/stm32f0-stdperiph" -std=gnu11 -MMD -MP -MF"src/Terminal.d" -MT"src/Terminal.o" -c -o "src/Terminal.o" "../src/Terminal.c"
Finished building: ../src/Terminal.c
 
Building target: Lesson_10 - Terminal Program.elf
Invoking: Cross ARM C++ Linker
arm-none-eabi-g++ -mcpu=cortex-m0 -mthumb -Og -fmessage-length=0 -fsigned-char -ffunction-sections -fdata-sections -ffreestanding -fno-move-loop-invariants -Wall -Wextra  -g3 -T mem.ld -T libs.ld -T sections.ld -nostartfiles -Xlinker --gc-sections -L"../ldscripts" -Wl,-Map,"Lesson_10 - Terminal Program.map" --specs=nano.specs -o "Lesson_10 - Terminal Program.elf"  ./system/src/stm32f0-stdperiph/stm32f0xx_gpio.o ./system/src/stm32f0-stdperiph/stm32f0xx_rcc.o  ./system/src/newlib/_cxx.o ./system/src/newlib/_exit.o ./system/src/newlib/_sbrk.o ./system/src/newlib/_startup.o ./system/src/newlib/_syscalls.o ./system/src/newlib/assert.o  ./system/src/diag/Trace.o ./system/src/diag/trace_impl.o  ./system/src/cortexm/_initialize_hardware.o ./system/src/cortexm/_reset_hardware.o ./system/src/cortexm/exception_handlers.o  ./system/src/cmsis/system_stm32f0xx.o ./system/src/cmsis/vectors_stm32f0xx.o  ./src/MCU/led.o ./src/MCU/tick.o ./src/MCU/usart2.o  ./src/FIFO.o ./src/Terminal.o ./src/main.o   
Finished building target: Lesson_10 - Terminal Program.elf
 
make --no-print-directory post-build
Binary
arm-none-eabi-objcopy -S  -O binary  "Lesson_10 - Terminal Program.elf" "Lesson_10 - Terminal Program.bin"
 
Invoking: Cross ARM GNU Create Flash Image
arm-none-eabi-objcopy -O ihex "Lesson_10 - Terminal Program.elf"  "Lesson_10 - Terminal Program.hex"
Finished building: Lesson_10 - Terminal Program.hex
 
Invoking: Cross ARM GNU Print Size
arm-none-eabi-size --format=berkeley "Lesson_10 - Terminal Program.elf"
   text	   data	    bss	    dec	    hex	filename
   5225	    208	   3004	   8437	   20f5	Lesson_10 - Terminal Program.elf
Finished building: Lesson_10 - Terminal Program.siz
 
17:40:27 **** Incremental Build of configuration Debug for project Lesson_10 - Terminal Program ****
make all 
Invoking: Cross ARM GNU Print Size
arm-none-eabi-size --format=berkeley "Lesson_10 - Terminal Program.elf"
   text	   data	    bss	    dec	    hex	filename
   5225	    208	   3004	   8437	   20f5	Lesson_10 - Terminal Program.elf
Finished building: Lesson_10 - Terminal Program.siz
 
17:42:25 **** Incremental Build of configuration Debug for project Lesson_10 - Terminal Program ****
make all 
Building file: ../src/Terminal.c
Invoking: Cross ARM C Compiler
arm-none-eabi-gcc -mcpu=cortex-m0 -mthumb -Og -fmessage-length=0 -fsigned-char -ffunction-sections -fdata-sections -ffreestanding -fno-move-loop-invariants -Wall -Wextra  -g3 -DDEBUG -DUSE_FULL_ASSERT -DTRACE -DOS_USE_TRACE_SEMIHOSTING_DEBUG -DSTM32F030 -DUSE_STDPERIPH_DRIVER -DHSE_VALUE=8000000 -I"../include" -I"../system/include" -I"../system/include/cmsis" -I"../system/include/stm32f0-stdperiph" -std=gnu11 -MMD -MP -MF"src/Terminal.d" -MT"src/Terminal.o" -c -o "src/Terminal.o" "../src/Terminal.c"
Finished building: ../src/Terminal.c
 
Building target: Lesson_10 - Terminal Program.elf
Invoking: Cross ARM C++ Linker
arm-none-eabi-g++ -mcpu=cortex-m0 -mthumb -Og -fmessage-length=0 -fsigned-char -ffunction-sections -fdata-sections -ffreestanding -fno-move-loop-invariants -Wall -Wextra  -g3 -T mem.ld -T libs.ld -T sections.ld -nostartfiles -Xlinker --gc-sections -L"../ldscripts" -Wl,-Map,"Lesson_10 - Terminal Program.map" --specs=nano.specs -o "Lesson_10 - Terminal Program.elf"  ./system/src/stm32f0-stdperiph/stm32f0xx_gpio.o ./system/src/stm32f0-stdperiph/stm32f0xx_rcc.o  ./system/src/newlib/_cxx.o ./system/src/newlib/_exit.o ./system/src/newlib/_sbrk.o ./system/src/newlib/_startup.o ./system/src/newlib/_syscalls.o ./system/src/newlib/assert.o  ./system/src/diag/Trace.o ./system/src/diag/trace_impl.o  ./system/src/cortexm/_initialize_hardware.o ./system/src/cortexm/_reset_hardware.o ./system/src/cortexm/exception_handlers.o  ./system/src/cmsis/system_stm32f0xx.o ./system/src/cmsis/vectors_stm32f0xx.o  ./src/MCU/led.o ./src/MCU/tick.o ./src/MCU/usart2.o  ./src/FIFO.o ./src/Terminal.o ./src/main.o   
Finished building target: Lesson_10 - Terminal Program.elf
 
make --no-print-directory post-build
Binary
arm-none-eabi-objcopy -S  -O binary  "Lesson_10 - Terminal Program.elf" "Lesson_10 - Terminal Program.bin"
 
Invoking: Cross ARM GNU Create Flash Image
arm-none-eabi-objcopy -O ihex "Lesson_10 - Terminal Program.elf"  "Lesson_10 - Terminal Program.hex"
Finished building: Lesson_10 - Terminal Program.hex
 
Invoking: Cross ARM GNU Print Size
arm-none-eabi-size --format=berkeley "Lesson_10 - Terminal Program.elf"
   text	   data	    bss	    dec	    hex	filename
   5225	    208	   3004	   8437	   20f5	Lesson_10 - Terminal Program.elf
Finished building: Lesson_10 - Terminal Program.siz
 
17:42:31 **** Incremental Build of configuration Debug for project Lesson_10 - Terminal Program ****
make all 
Invoking: Cross ARM GNU Print Size
arm-none-eabi-size --format=berkeley "Lesson_10 - Terminal Program.elf"
   text	   data	    bss	    dec	    hex	filename
   5225	    208	   3004	   8437	   20f5	Lesson_10 - Terminal Program.elf
Finished building: Lesson_10 - Terminal Program.siz
 
08:53:27 **** Incremental Build of configuration Debug for project Lesson_10 - Terminal Program ****
make all 
Building target: Lesson_10 - Terminal Program.elf
Invoking: Cross ARM C++ Linker
arm-none-eabi-g++ -mcpu=cortex-m0 -mthumb -Og -fmessage-length=0 -fsigned-char -ffunction-sections -fdata-sections -ffreestanding -fno-move-loop-invariants -Wall -Wextra  -g3 -T mem.ld -T libs.ld -T sections.ld -nostartfiles -Xlinker --gc-sections -L"../ldscripts" -Wl,-Map,"Lesson_10 - Terminal Program.map" --specs=nano.specs -o "Lesson_10 - Terminal Program.elf"   
/home/vagrant/gcc-arm-none-eabi-4_9-2015q2/bin/../lib/gcc/arm-none-eabi/4.9.3/../../../../arm-none-eabi/bin/ld: warning: cannot find entry symbol _start; defaulting to 08000028
Finished building target: Lesson_10 - Terminal Program.elf
 
make --no-print-directory post-build
Binary
arm-none-eabi-objcopy -S  -O binary  "Lesson_10 - Terminal Program.elf" "Lesson_10 - Terminal Program.bin"
 
Invoking: Cross ARM GNU Create Flash Image
arm-none-eabi-objcopy -O ihex "Lesson_10 - Terminal Program.elf"  "Lesson_10 - Terminal Program.hex"
Finished building: Lesson_10 - Terminal Program.hex
 
Invoking: Cross ARM GNU Print Size
arm-none-eabi-size --format=berkeley "Lesson_10 - Terminal Program.elf"
   text	   data	    bss	    dec	    hex	filename
      0	     40	    256	    296	    128	Lesson_10 - Terminal Program.elf
Finished building: Lesson_10 - Terminal Program.siz
 
08:56:57 **** Clean-only build of configuration Debug for project Lesson_10 - Terminal Program - Part 2 ****
make clean 
rm -rf  Lesson_10\ -\ Terminal\ Program.hex  Lesson_10\ -\ Terminal\ Program.siz  "Lesson_10 - Terminal Program.elf"
 
08:56:57 **** Build of configuration Debug for project Lesson_10 - Terminal Program - Part 2 ****
make all 
Building file: ../system/src/stm32f0-stdperiph/stm32f0xx_gpio.c
Invoking: Cross ARM C Compiler
arm-none-eabi-gcc -mcpu=cortex-m0 -mthumb -Og -fmessage-length=0 -fsigned-char -ffunction-sections -fdata-sections -ffreestanding -fno-move-loop-invariants -Wall -Wextra  -g3 -DDEBUG -DUSE_FULL_ASSERT -DTRACE -DOS_USE_TRACE_SEMIHOSTING_DEBUG -DSTM32F030 -DUSE_STDPERIPH_DRIVER -DHSE_VALUE=8000000 -I"../include" -I"../system/include" -I"../system/include/cmsis" -I"../system/include/stm32f0-stdperiph" -std=gnu11 -MMD -MP -MF"system/src/stm32f0-stdperiph/stm32f0xx_gpio.d" -MT"system/src/stm32f0-stdperiph/stm32f0xx_gpio.o" -c -o "system/src/stm32f0-stdperiph/stm32f0xx_gpio.o" "../system/src/stm32f0-stdperiph/stm32f0xx_gpio.c"
Finished building: ../system/src/stm32f0-stdperiph/stm32f0xx_gpio.c
 
Building file: ../system/src/stm32f0-stdperiph/stm32f0xx_rcc.c
Invoking: Cross ARM C Compiler
arm-none-eabi-gcc -mcpu=cortex-m0 -mthumb -Og -fmessage-length=0 -fsigned-char -ffunction-sections -fdata-sections -ffreestanding -fno-move-loop-invariants -Wall -Wextra  -g3 -DDEBUG -DUSE_FULL_ASSERT -DTRACE -DOS_USE_TRACE_SEMIHOSTING_DEBUG -DSTM32F030 -DUSE_STDPERIPH_DRIVER -DHSE_VALUE=8000000 -I"../include" -I"../system/include" -I"../system/include/cmsis" -I"../system/include/stm32f0-stdperiph" -std=gnu11 -MMD -MP -MF"system/src/stm32f0-stdperiph/stm32f0xx_rcc.d" -MT"system/src/stm32f0-stdperiph/stm32f0xx_rcc.o" -c -o "system/src/stm32f0-stdperiph/stm32f0xx_rcc.o" "../system/src/stm32f0-stdperiph/stm32f0xx_rcc.c"
Finished building: ../system/src/stm32f0-stdperiph/stm32f0xx_rcc.c
 
Building file: ../system/src/newlib/_cxx.cpp
Invoking: Cross ARM C++ Compiler
arm-none-eabi-g++ -mcpu=cortex-m0 -mthumb -Og -fmessage-length=0 -fsigned-char -ffunction-sections -fdata-sections -ffreestanding -fno-move-loop-invariants -Wall -Wextra  -g3 -DDEBUG -DUSE_FULL_ASSERT -DTRACE -DOS_USE_TRACE_SEMIHOSTING_DEBUG -DSTM32F030 -DUSE_STDPERIPH_DRIVER -DHSE_VALUE=8000000 -I"../include" -I"../system/include" -I"../system/include/cmsis" -I"../system/include/stm32f0-stdperiph" -std=gnu++11 -fabi-version=0 -fno-exceptions -fno-rtti -fno-use-cxa-atexit -fno-threadsafe-statics -MMD -MP -MF"system/src/newlib/_cxx.d" -MT"system/src/newlib/_cxx.o" -c -o "system/src/newlib/_cxx.o" "../system/src/newlib/_cxx.cpp"
Finished building: ../system/src/newlib/_cxx.cpp
 
Building file: ../system/src/newlib/_exit.c
Invoking: Cross ARM C Compiler
arm-none-eabi-gcc -mcpu=cortex-m0 -mthumb -Og -fmessage-length=0 -fsigned-char -ffunction-sections -fdata-sections -ffreestanding -fno-move-loop-invariants -Wall -Wextra  -g3 -DDEBUG -DUSE_FULL_ASSERT -DTRACE -DOS_USE_TRACE_SEMIHOSTING_DEBUG -DSTM32F030 -DUSE_STDPERIPH_DRIVER -DHSE_VALUE=8000000 -I"../include" -I"../system/include" -I"../system/include/cmsis" -I"../system/include/stm32f0-stdperiph" -std=gnu11 -MMD -MP -MF"system/src/newlib/_exit.d" -MT"system/src/newlib/_exit.o" -c -o "system/src/newlib/_exit.o" "../system/src/newlib/_exit.c"
Finished building: ../system/src/newlib/_exit.c
 
Building file: ../system/src/newlib/_sbrk.c
Invoking: Cross ARM C Compiler
arm-none-eabi-gcc -mcpu=cortex-m0 -mthumb -Og -fmessage-length=0 -fsigned-char -ffunction-sections -fdata-sections -ffreestanding -fno-move-loop-invariants -Wall -Wextra  -g3 -DDEBUG -DUSE_FULL_ASSERT -DTRACE -DOS_USE_TRACE_SEMIHOSTING_DEBUG -DSTM32F030 -DUSE_STDPERIPH_DRIVER -DHSE_VALUE=8000000 -I"../include" -I"../system/include" -I"../system/include/cmsis" -I"../system/include/stm32f0-stdperiph" -std=gnu11 -MMD -MP -MF"system/src/newlib/_sbrk.d" -MT"system/src/newlib/_sbrk.o" -c -o "system/src/newlib/_sbrk.o" "../system/src/newlib/_sbrk.c"
Finished building: ../system/src/newlib/_sbrk.c
 
Building file: ../system/src/newlib/_startup.c
Invoking: Cross ARM C Compiler
arm-none-eabi-gcc -mcpu=cortex-m0 -mthumb -Og -fmessage-length=0 -fsigned-char -ffunction-sections -fdata-sections -ffreestanding -fno-move-loop-invariants -Wall -Wextra  -g3 -DDEBUG -DUSE_FULL_ASSERT -DTRACE -DOS_USE_TRACE_SEMIHOSTING_DEBUG -DSTM32F030 -DUSE_STDPERIPH_DRIVER -DHSE_VALUE=8000000 -I"../include" -I"../system/include" -I"../system/include/cmsis" -I"../system/include/stm32f0-stdperiph" -std=gnu11 -MMD -MP -MF"system/src/newlib/_startup.d" -MT"system/src/newlib/_startup.o" -c -o "system/src/newlib/_startup.o" "../system/src/newlib/_startup.c"
Finished building: ../system/src/newlib/_startup.c
 
Building file: ../system/src/newlib/_syscalls.c
Invoking: Cross ARM C Compiler
arm-none-eabi-gcc -mcpu=cortex-m0 -mthumb -Og -fmessage-length=0 -fsigned-char -ffunction-sections -fdata-sections -ffreestanding -fno-move-loop-invariants -Wall -Wextra  -g3 -DDEBUG -DUSE_FULL_ASSERT -DTRACE -DOS_USE_TRACE_SEMIHOSTING_DEBUG -DSTM32F030 -DUSE_STDPERIPH_DRIVER -DHSE_VALUE=8000000 -I"../include" -I"../system/include" -I"../system/include/cmsis" -I"../system/include/stm32f0-stdperiph" -std=gnu11 -MMD -MP -MF"system/src/newlib/_syscalls.d" -MT"system/src/newlib/_syscalls.o" -c -o "system/src/newlib/_syscalls.o" "../system/src/newlib/_syscalls.c"
Finished building: ../system/src/newlib/_syscalls.c
 
Building file: ../system/src/newlib/assert.c
Invoking: Cross ARM C Compiler
arm-none-eabi-gcc -mcpu=cortex-m0 -mthumb -Og -fmessage-length=0 -fsigned-char -ffunction-sections -fdata-sections -ffreestanding -fno-move-loop-invariants -Wall -Wextra  -g3 -DDEBUG -DUSE_FULL_ASSERT -DTRACE -DOS_USE_TRACE_SEMIHOSTING_DEBUG -DSTM32F030 -DUSE_STDPERIPH_DRIVER -DHSE_VALUE=8000000 -I"../include" -I"../system/include" -I"../system/include/cmsis" -I"../system/include/stm32f0-stdperiph" -std=gnu11 -MMD -MP -MF"system/src/newlib/assert.d" -MT"system/src/newlib/assert.o" -c -o "system/src/newlib/assert.o" "../system/src/newlib/assert.c"
Finished building: ../system/src/newlib/assert.c
 
Building file: ../system/src/diag/Trace.c
Invoking: Cross ARM C Compiler
arm-none-eabi-gcc -mcpu=cortex-m0 -mthumb -Og -fmessage-length=0 -fsigned-char -ffunction-sections -fdata-sections -ffreestanding -fno-move-loop-invariants -Wall -Wextra  -g3 -DDEBUG -DUSE_FULL_ASSERT -DTRACE -DOS_USE_TRACE_SEMIHOSTING_DEBUG -DSTM32F030 -DUSE_STDPERIPH_DRIVER -DHSE_VALUE=8000000 -I"../include" -I"../system/include" -I"../system/include/cmsis" -I"../system/include/stm32f0-stdperiph" -std=gnu11 -MMD -MP -MF"system/src/diag/Trace.d" -MT"system/src/diag/Trace.o" -c -o "system/src/diag/Trace.o" "../system/src/diag/Trace.c"
Finished building: ../system/src/diag/Trace.c
 
Building file: ../system/src/diag/trace_impl.c
Invoking: Cross ARM C Compiler
arm-none-eabi-gcc -mcpu=cortex-m0 -mthumb -Og -fmessage-length=0 -fsigned-char -ffunction-sections -fdata-sections -ffreestanding -fno-move-loop-invariants -Wall -Wextra  -g3 -DDEBUG -DUSE_FULL_ASSERT -DTRACE -DOS_USE_TRACE_SEMIHOSTING_DEBUG -DSTM32F030 -DUSE_STDPERIPH_DRIVER -DHSE_VALUE=8000000 -I"../include" -I"../system/include" -I"../system/include/cmsis" -I"../system/include/stm32f0-stdperiph" -std=gnu11 -MMD -MP -MF"system/src/diag/trace_impl.d" -MT"system/src/diag/trace_impl.o" -c -o "system/src/diag/trace_impl.o" "../system/src/diag/trace_impl.c"
Finished building: ../system/src/diag/trace_impl.c
 
Building file: ../system/src/cortexm/_initialize_hardware.c
Invoking: Cross ARM C Compiler
arm-none-eabi-gcc -mcpu=cortex-m0 -mthumb -Og -fmessage-length=0 -fsigned-char -ffunction-sections -fdata-sections -ffreestanding -fno-move-loop-invariants -Wall -Wextra  -g3 -DDEBUG -DUSE_FULL_ASSERT -DTRACE -DOS_USE_TRACE_SEMIHOSTING_DEBUG -DSTM32F030 -DUSE_STDPERIPH_DRIVER -DHSE_VALUE=8000000 -I"../include" -I"../system/include" -I"../system/include/cmsis" -I"../system/include/stm32f0-stdperiph" -std=gnu11 -MMD -MP -MF"system/src/cortexm/_initialize_hardware.d" -MT"system/src/cortexm/_initialize_hardware.o" -c -o "system/src/cortexm/_initialize_hardware.o" "../system/src/cortexm/_initialize_hardware.c"
Finished building: ../system/src/cortexm/_initialize_hardware.c
 
Building file: ../system/src/cortexm/_reset_hardware.c
Invoking: Cross ARM C Compiler
arm-none-eabi-gcc -mcpu=cortex-m0 -mthumb -Og -fmessage-length=0 -fsigned-char -ffunction-sections -fdata-sections -ffreestanding -fno-move-loop-invariants -Wall -Wextra  -g3 -DDEBUG -DUSE_FULL_ASSERT -DTRACE -DOS_USE_TRACE_SEMIHOSTING_DEBUG -DSTM32F030 -DUSE_STDPERIPH_DRIVER -DHSE_VALUE=8000000 -I"../include" -I"../system/include" -I"../system/include/cmsis" -I"../system/include/stm32f0-stdperiph" -std=gnu11 -MMD -MP -MF"system/src/cortexm/_reset_hardware.d" -MT"system/src/cortexm/_reset_hardware.o" -c -o "system/src/cortexm/_reset_hardware.o" "../system/src/cortexm/_reset_hardware.c"
Finished building: ../system/src/cortexm/_reset_hardware.c
 
Building file: ../system/src/cortexm/exception_handlers.c
Invoking: Cross ARM C Compiler
arm-none-eabi-gcc -mcpu=cortex-m0 -mthumb -Og -fmessage-length=0 -fsigned-char -ffunction-sections -fdata-sections -ffreestanding -fno-move-loop-invariants -Wall -Wextra  -g3 -DDEBUG -DUSE_FULL_ASSERT -DTRACE -DOS_USE_TRACE_SEMIHOSTING_DEBUG -DSTM32F030 -DUSE_STDPERIPH_DRIVER -DHSE_VALUE=8000000 -I"../include" -I"../system/include" -I"../system/include/cmsis" -I"../system/include/stm32f0-stdperiph" -std=gnu11 -MMD -MP -MF"system/src/cortexm/exception_handlers.d" -MT"system/src/cortexm/exception_handlers.o" -c -o "system/src/cortexm/exception_handlers.o" "../system/src/cortexm/exception_handlers.c"
Finished building: ../system/src/cortexm/exception_handlers.c
 
Building file: ../system/src/cmsis/system_stm32f0xx.c
Invoking: Cross ARM C Compiler
arm-none-eabi-gcc -mcpu=cortex-m0 -mthumb -Og -fmessage-length=0 -fsigned-char -ffunction-sections -fdata-sections -ffreestanding -fno-move-loop-invariants -Wall -Wextra  -g3 -DDEBUG -DUSE_FULL_ASSERT -DTRACE -DOS_USE_TRACE_SEMIHOSTING_DEBUG -DSTM32F030 -DUSE_STDPERIPH_DRIVER -DHSE_VALUE=8000000 -I"../include" -I"../system/include" -I"../system/include/cmsis" -I"../system/include/stm32f0-stdperiph" -std=gnu11 -MMD -MP -MF"system/src/cmsis/system_stm32f0xx.d" -MT"system/src/cmsis/system_stm32f0xx.o" -c -o "system/src/cmsis/system_stm32f0xx.o" "../system/src/cmsis/system_stm32f0xx.c"
Finished building: ../system/src/cmsis/system_stm32f0xx.c
 
Building file: ../system/src/cmsis/vectors_stm32f0xx.c
Invoking: Cross ARM C Compiler
arm-none-eabi-gcc -mcpu=cortex-m0 -mthumb -Og -fmessage-length=0 -fsigned-char -ffunction-sections -fdata-sections -ffreestanding -fno-move-loop-invariants -Wall -Wextra  -g3 -DDEBUG -DUSE_FULL_ASSERT -DTRACE -DOS_USE_TRACE_SEMIHOSTING_DEBUG -DSTM32F030 -DUSE_STDPERIPH_DRIVER -DHSE_VALUE=8000000 -I"../include" -I"../system/include" -I"../system/include/cmsis" -I"../system/include/stm32f0-stdperiph" -std=gnu11 -MMD -MP -MF"system/src/cmsis/vectors_stm32f0xx.d" -MT"system/src/cmsis/vectors_stm32f0xx.o" -c -o "system/src/cmsis/vectors_stm32f0xx.o" "../system/src/cmsis/vectors_stm32f0xx.c"
Finished building: ../system/src/cmsis/vectors_stm32f0xx.c
 
Building file: ../src/MCU/led.c
Invoking: Cross ARM C Compiler
arm-none-eabi-gcc -mcpu=cortex-m0 -mthumb -Og -fmessage-length=0 -fsigned-char -ffunction-sections -fdata-sections -ffreestanding -fno-move-loop-invariants -Wall -Wextra  -g3 -DDEBUG -DUSE_FULL_ASSERT -DTRACE -DOS_USE_TRACE_SEMIHOSTING_DEBUG -DSTM32F030 -DUSE_STDPERIPH_DRIVER -DHSE_VALUE=8000000 -I"../include" -I"../system/include" -I"../system/include/cmsis" -I"../system/include/stm32f0-stdperiph" -std=gnu11 -MMD -MP -MF"src/MCU/led.d" -MT"src/MCU/led.o" -c -o "src/MCU/led.o" "../src/MCU/led.c"
Finished building: ../src/MCU/led.c
 
Building file: ../src/MCU/tick.c
Invoking: Cross ARM C Compiler
arm-none-eabi-gcc -mcpu=cortex-m0 -mthumb -Og -fmessage-length=0 -fsigned-char -ffunction-sections -fdata-sections -ffreestanding -fno-move-loop-invariants -Wall -Wextra  -g3 -DDEBUG -DUSE_FULL_ASSERT -DTRACE -DOS_USE_TRACE_SEMIHOSTING_DEBUG -DSTM32F030 -DUSE_STDPERIPH_DRIVER -DHSE_VALUE=8000000 -I"../include" -I"../system/include" -I"../system/include/cmsis" -I"../system/include/stm32f0-stdperiph" -std=gnu11 -MMD -MP -MF"src/MCU/tick.d" -MT"src/MCU/tick.o" -c -o "src/MCU/tick.o" "../src/MCU/tick.c"
Finished building: ../src/MCU/tick.c
 
Building file: ../src/MCU/usart2.c
Invoking: Cross ARM C Compiler
arm-none-eabi-gcc -mcpu=cortex-m0 -mthumb -Og -fmessage-length=0 -fsigned-char -ffunction-sections -fdata-sections -ffreestanding -fno-move-loop-invariants -Wall -Wextra  -g3 -DDEBUG -DUSE_FULL_ASSERT -DTRACE -DOS_USE_TRACE_SEMIHOSTING_DEBUG -DSTM32F030 -DUSE_STDPERIPH_DRIVER -DHSE_VALUE=8000000 -I"../include" -I"../system/include" -I"../system/include/cmsis" -I"../system/include/stm32f0-stdperiph" -std=gnu11 -MMD -MP -MF"src/MCU/usart2.d" -MT"src/MCU/usart2.o" -c -o "src/MCU/usart2.o" "../src/MCU/usart2.c"
Finished building: ../src/MCU/usart2.c
 
Building file: ../src/FIFO.c
Invoking: Cross ARM C Compiler
arm-none-eabi-gcc -mcpu=cortex-m0 -mthumb -Og -fmessage-length=0 -fsigned-char -ffunction-sections -fdata-sections -ffreestanding -fno-move-loop-invariants -Wall -Wextra  -g3 -DDEBUG -DUSE_FULL_ASSERT -DTRACE -DOS_USE_TRACE_SEMIHOSTING_DEBUG -DSTM32F030 -DUSE_STDPERIPH_DRIVER -DHSE_VALUE=8000000 -I"../include" -I"../system/include" -I"../system/include/cmsis" -I"../system/include/stm32f0-stdperiph" -std=gnu11 -MMD -MP -MF"src/FIFO.d" -MT"src/FIFO.o" -c -o "src/FIFO.o" "../src/FIFO.c"
Finished building: ../src/FIFO.c
 
Building file: ../src/Terminal.c
Invoking: Cross ARM C Compiler
arm-none-eabi-gcc -mcpu=cortex-m0 -mthumb -Og -fmessage-length=0 -fsigned-char -ffunction-sections -fdata-sections -ffreestanding -fno-move-loop-invariants -Wall -Wextra  -g3 -DDEBUG -DUSE_FULL_ASSERT -DTRACE -DOS_USE_TRACE_SEMIHOSTING_DEBUG -DSTM32F030 -DUSE_STDPERIPH_DRIVER -DHSE_VALUE=8000000 -I"../include" -I"../system/include" -I"../system/include/cmsis" -I"../system/include/stm32f0-stdperiph" -std=gnu11 -MMD -MP -MF"src/Terminal.d" -MT"src/Terminal.o" -c -o "src/Terminal.o" "../src/Terminal.c"
Finished building: ../src/Terminal.c
 
Building file: ../src/main.c
Invoking: Cross ARM C Compiler
arm-none-eabi-gcc -mcpu=cortex-m0 -mthumb -Og -fmessage-length=0 -fsigned-char -ffunction-sections -fdata-sections -ffreestanding -fno-move-loop-invariants -Wall -Wextra  -g3 -DDEBUG -DUSE_FULL_ASSERT -DTRACE -DOS_USE_TRACE_SEMIHOSTING_DEBUG -DSTM32F030 -DUSE_STDPERIPH_DRIVER -DHSE_VALUE=8000000 -I"../include" -I"../system/include" -I"../system/include/cmsis" -I"../system/include/stm32f0-stdperiph" -std=gnu11 -MMD -MP -MF"src/main.d" -MT"src/main.o" -c -o "src/main.o" "../src/main.c"
Finished building: ../src/main.c
 
Building target: Lesson_10 - Terminal Program - Part 2.elf
Invoking: Cross ARM C++ Linker
arm-none-eabi-g++ -mcpu=cortex-m0 -mthumb -Og -fmessage-length=0 -fsigned-char -ffunction-sections -fdata-sections -ffreestanding -fno-move-loop-invariants -Wall -Wextra  -g3 -T mem.ld -T libs.ld -T sections.ld -nostartfiles -Xlinker --gc-sections -L"../ldscripts" -Wl,-Map,"Lesson_10 - Terminal Program - Part 2.map" --specs=nano.specs -o "Lesson_10 - Terminal Program - Part 2.elf"  ./system/src/stm32f0-stdperiph/stm32f0xx_gpio.o ./system/src/stm32f0-stdperiph/stm32f0xx_rcc.o  ./system/src/newlib/_cxx.o ./system/src/newlib/_exit.o ./system/src/newlib/_sbrk.o ./system/src/newlib/_startup.o ./system/src/newlib/_syscalls.o ./system/src/newlib/assert.o  ./system/src/diag/Trace.o ./system/src/diag/trace_impl.o  ./system/src/cortexm/_initialize_hardware.o ./system/src/cortexm/_reset_hardware.o ./system/src/cortexm/exception_handlers.o  ./system/src/cmsis/system_stm32f0xx.o ./system/src/cmsis/vectors_stm32f0xx.o  ./src/MCU/led.o ./src/MCU/tick.o ./src/MCU/usart2.o  ./src/FIFO.o ./src/Terminal.o ./src/main.o   
Finished building target: Lesson_10 - Terminal Program - Part 2.elf
 
make --no-print-directory post-build
Binary
arm-none-eabi-objcopy -S  -O binary  "Lesson_10 - Terminal Program - Part 2.elf" "Lesson_10 - Terminal Program - Part 2.bin"
 
Invoking: Cross ARM GNU Create Flash Image
arm-none-eabi-objcopy -O ihex "Lesson_10 - Terminal Program - Part 2.elf"  "Lesson_10 - Terminal Program - Part 2.hex"
Finished building: Lesson_10 - Terminal Program - Part 2.hex
 
Invoking: Cross ARM GNU Print Size
arm-none-eabi-size --format=berkeley "Lesson_10 - Terminal Program - Part 2.elf"
   text	   data	    bss	    dec	    hex	filename
   5225	    208	   3004	   8437	   20f5	Lesson_10 - Terminal Program - Part 2.elf
Finished building: Lesson_10 - Terminal Program - Part 2.siz
 
09:05:25 **** Incremental Build of configuration Debug for project Lesson_10 - Terminal Program - Part 2 ****
make all 
Building file: ../system/src/stm32f0-stdperiph/stm32f0xx_gpio.c
Invoking: Cross ARM C Compiler
arm-none-eabi-gcc -mcpu=cortex-m0 -mthumb -Og -fmessage-length=0 -fsigned-char -ffunction-sections -fdata-sections -ffreestanding -fno-move-loop-invariants -Wall -Wextra  -g3 -DDEBUG -DUSE_FULL_ASSERT -DTRACE -DOS_USE_TRACE_SEMIHOSTING_DEBUG -DSTM32F030 -DUSE_STDPERIPH_DRIVER -DHSE_VALUE=8000000 -I"../include" -I"../system/include" -I"../system/include/cmsis" -I"../system/include/stm32f0-stdperiph" -std=gnu11 -MMD -MP -MF"system/src/stm32f0-stdperiph/stm32f0xx_gpio.d" -MT"system/src/stm32f0-stdperiph/stm32f0xx_gpio.o" -c -o "system/src/stm32f0-stdperiph/stm32f0xx_gpio.o" "../system/src/stm32f0-stdperiph/stm32f0xx_gpio.c"
Finished building: ../system/src/stm32f0-stdperiph/stm32f0xx_gpio.c
 
Building file: ../system/src/stm32f0-stdperiph/stm32f0xx_rcc.c
Invoking: Cross ARM C Compiler
arm-none-eabi-gcc -mcpu=cortex-m0 -mthumb -Og -fmessage-length=0 -fsigned-char -ffunction-sections -fdata-sections -ffreestanding -fno-move-loop-invariants -Wall -Wextra  -g3 -DDEBUG -DUSE_FULL_ASSERT -DTRACE -DOS_USE_TRACE_SEMIHOSTING_DEBUG -DSTM32F030 -DUSE_STDPERIPH_DRIVER -DHSE_VALUE=8000000 -I"../include" -I"../system/include" -I"../system/include/cmsis" -I"../system/include/stm32f0-stdperiph" -std=gnu11 -MMD -MP -MF"system/src/stm32f0-stdperiph/stm32f0xx_rcc.d" -MT"system/src/stm32f0-stdperiph/stm32f0xx_rcc.o" -c -o "system/src/stm32f0-stdperiph/stm32f0xx_rcc.o" "../system/src/stm32f0-stdperiph/stm32f0xx_rcc.c"
Finished building: ../system/src/stm32f0-stdperiph/stm32f0xx_rcc.c
 
Building file: ../system/src/newlib/_cxx.cpp
Invoking: Cross ARM C++ Compiler
arm-none-eabi-g++ -mcpu=cortex-m0 -mthumb -Og -fmessage-length=0 -fsigned-char -ffunction-sections -fdata-sections -ffreestanding -fno-move-loop-invariants -Wall -Wextra  -g3 -DDEBUG -DUSE_FULL_ASSERT -DTRACE -DOS_USE_TRACE_SEMIHOSTING_DEBUG -DSTM32F030 -DUSE_STDPERIPH_DRIVER -DHSE_VALUE=8000000 -I"../include" -I"../system/include" -I"../system/include/cmsis" -I"../system/include/stm32f0-stdperiph" -std=gnu++11 -fabi-version=0 -fno-exceptions -fno-rtti -fno-use-cxa-atexit -fno-threadsafe-statics -MMD -MP -MF"system/src/newlib/_cxx.d" -MT"system/src/newlib/_cxx.o" -c -o "system/src/newlib/_cxx.o" "../system/src/newlib/_cxx.cpp"
Finished building: ../system/src/newlib/_cxx.cpp
 
Building file: ../system/src/newlib/_exit.c
Invoking: Cross ARM C Compiler
arm-none-eabi-gcc -mcpu=cortex-m0 -mthumb -Og -fmessage-length=0 -fsigned-char -ffunction-sections -fdata-sections -ffreestanding -fno-move-loop-invariants -Wall -Wextra  -g3 -DDEBUG -DUSE_FULL_ASSERT -DTRACE -DOS_USE_TRACE_SEMIHOSTING_DEBUG -DSTM32F030 -DUSE_STDPERIPH_DRIVER -DHSE_VALUE=8000000 -I"../include" -I"../system/include" -I"../system/include/cmsis" -I"../system/include/stm32f0-stdperiph" -std=gnu11 -MMD -MP -MF"system/src/newlib/_exit.d" -MT"system/src/newlib/_exit.o" -c -o "system/src/newlib/_exit.o" "../system/src/newlib/_exit.c"
Finished building: ../system/src/newlib/_exit.c
 
Building file: ../system/src/newlib/_sbrk.c
Invoking: Cross ARM C Compiler
arm-none-eabi-gcc -mcpu=cortex-m0 -mthumb -Og -fmessage-length=0 -fsigned-char -ffunction-sections -fdata-sections -ffreestanding -fno-move-loop-invariants -Wall -Wextra  -g3 -DDEBUG -DUSE_FULL_ASSERT -DTRACE -DOS_USE_TRACE_SEMIHOSTING_DEBUG -DSTM32F030 -DUSE_STDPERIPH_DRIVER -DHSE_VALUE=8000000 -I"../include" -I"../system/include" -I"../system/include/cmsis" -I"../system/include/stm32f0-stdperiph" -std=gnu11 -MMD -MP -MF"system/src/newlib/_sbrk.d" -MT"system/src/newlib/_sbrk.o" -c -o "system/src/newlib/_sbrk.o" "../system/src/newlib/_sbrk.c"
Finished building: ../system/src/newlib/_sbrk.c
 
Building file: ../system/src/newlib/_startup.c
Invoking: Cross ARM C Compiler
arm-none-eabi-gcc -mcpu=cortex-m0 -mthumb -Og -fmessage-length=0 -fsigned-char -ffunction-sections -fdata-sections -ffreestanding -fno-move-loop-invariants -Wall -Wextra  -g3 -DDEBUG -DUSE_FULL_ASSERT -DTRACE -DOS_USE_TRACE_SEMIHOSTING_DEBUG -DSTM32F030 -DUSE_STDPERIPH_DRIVER -DHSE_VALUE=8000000 -I"../include" -I"../system/include" -I"../system/include/cmsis" -I"../system/include/stm32f0-stdperiph" -std=gnu11 -MMD -MP -MF"system/src/newlib/_startup.d" -MT"system/src/newlib/_startup.o" -c -o "system/src/newlib/_startup.o" "../system/src/newlib/_startup.c"
Finished building: ../system/src/newlib/_startup.c
 
Building file: ../system/src/newlib/_syscalls.c
Invoking: Cross ARM C Compiler
arm-none-eabi-gcc -mcpu=cortex-m0 -mthumb -Og -fmessage-length=0 -fsigned-char -ffunction-sections -fdata-sections -ffreestanding -fno-move-loop-invariants -Wall -Wextra  -g3 -DDEBUG -DUSE_FULL_ASSERT -DTRACE -DOS_USE_TRACE_SEMIHOSTING_DEBUG -DSTM32F030 -DUSE_STDPERIPH_DRIVER -DHSE_VALUE=8000000 -I"../include" -I"../system/include" -I"../system/include/cmsis" -I"../system/include/stm32f0-stdperiph" -std=gnu11 -MMD -MP -MF"system/src/newlib/_syscalls.d" -MT"system/src/newlib/_syscalls.o" -c -o "system/src/newlib/_syscalls.o" "../system/src/newlib/_syscalls.c"
Finished building: ../system/src/newlib/_syscalls.c
 
Building file: ../system/src/newlib/assert.c
Invoking: Cross ARM C Compiler
arm-none-eabi-gcc -mcpu=cortex-m0 -mthumb -Og -fmessage-length=0 -fsigned-char -ffunction-sections -fdata-sections -ffreestanding -fno-move-loop-invariants -Wall -Wextra  -g3 -DDEBUG -DUSE_FULL_ASSERT -DTRACE -DOS_USE_TRACE_SEMIHOSTING_DEBUG -DSTM32F030 -DUSE_STDPERIPH_DRIVER -DHSE_VALUE=8000000 -I"../include" -I"../system/include" -I"../system/include/cmsis" -I"../system/include/stm32f0-stdperiph" -std=gnu11 -MMD -MP -MF"system/src/newlib/assert.d" -MT"system/src/newlib/assert.o" -c -o "system/src/newlib/assert.o" "../system/src/newlib/assert.c"
Finished building: ../system/src/newlib/assert.c
 
Building file: ../system/src/diag/Trace.c
Invoking: Cross ARM C Compiler
arm-none-eabi-gcc -mcpu=cortex-m0 -mthumb -Og -fmessage-length=0 -fsigned-char -ffunction-sections -fdata-sections -ffreestanding -fno-move-loop-invariants -Wall -Wextra  -g3 -DDEBUG -DUSE_FULL_ASSERT -DTRACE -DOS_USE_TRACE_SEMIHOSTING_DEBUG -DSTM32F030 -DUSE_STDPERIPH_DRIVER -DHSE_VALUE=8000000 -I"../include" -I"../system/include" -I"../system/include/cmsis" -I"../system/include/stm32f0-stdperiph" -std=gnu11 -MMD -MP -MF"system/src/diag/Trace.d" -MT"system/src/diag/Trace.o" -c -o "system/src/diag/Trace.o" "../system/src/diag/Trace.c"
Finished building: ../system/src/diag/Trace.c
 
Building file: ../system/src/diag/trace_impl.c
Invoking: Cross ARM C Compiler
arm-none-eabi-gcc -mcpu=cortex-m0 -mthumb -Og -fmessage-length=0 -fsigned-char -ffunction-sections -fdata-sections -ffreestanding -fno-move-loop-invariants -Wall -Wextra  -g3 -DDEBUG -DUSE_FULL_ASSERT -DTRACE -DOS_USE_TRACE_SEMIHOSTING_DEBUG -DSTM32F030 -DUSE_STDPERIPH_DRIVER -DHSE_VALUE=8000000 -I"../include" -I"../system/include" -I"../system/include/cmsis" -I"../system/include/stm32f0-stdperiph" -std=gnu11 -MMD -MP -MF"system/src/diag/trace_impl.d" -MT"system/src/diag/trace_impl.o" -c -o "system/src/diag/trace_impl.o" "../system/src/diag/trace_impl.c"
Finished building: ../system/src/diag/trace_impl.c
 
Building file: ../system/src/cortexm/_initialize_hardware.c
Invoking: Cross ARM C Compiler
arm-none-eabi-gcc -mcpu=cortex-m0 -mthumb -Og -fmessage-length=0 -fsigned-char -ffunction-sections -fdata-sections -ffreestanding -fno-move-loop-invariants -Wall -Wextra  -g3 -DDEBUG -DUSE_FULL_ASSERT -DTRACE -DOS_USE_TRACE_SEMIHOSTING_DEBUG -DSTM32F030 -DUSE_STDPERIPH_DRIVER -DHSE_VALUE=8000000 -I"../include" -I"../system/include" -I"../system/include/cmsis" -I"../system/include/stm32f0-stdperiph" -std=gnu11 -MMD -MP -MF"system/src/cortexm/_initialize_hardware.d" -MT"system/src/cortexm/_initialize_hardware.o" -c -o "system/src/cortexm/_initialize_hardware.o" "../system/src/cortexm/_initialize_hardware.c"
Finished building: ../system/src/cortexm/_initialize_hardware.c
 
Building file: ../system/src/cortexm/_reset_hardware.c
Invoking: Cross ARM C Compiler
arm-none-eabi-gcc -mcpu=cortex-m0 -mthumb -Og -fmessage-length=0 -fsigned-char -ffunction-sections -fdata-sections -ffreestanding -fno-move-loop-invariants -Wall -Wextra  -g3 -DDEBUG -DUSE_FULL_ASSERT -DTRACE -DOS_USE_TRACE_SEMIHOSTING_DEBUG -DSTM32F030 -DUSE_STDPERIPH_DRIVER -DHSE_VALUE=8000000 -I"../include" -I"../system/include" -I"../system/include/cmsis" -I"../system/include/stm32f0-stdperiph" -std=gnu11 -MMD -MP -MF"system/src/cortexm/_reset_hardware.d" -MT"system/src/cortexm/_reset_hardware.o" -c -o "system/src/cortexm/_reset_hardware.o" "../system/src/cortexm/_reset_hardware.c"
Finished building: ../system/src/cortexm/_reset_hardware.c
 
Building file: ../system/src/cortexm/exception_handlers.c
Invoking: Cross ARM C Compiler
arm-none-eabi-gcc -mcpu=cortex-m0 -mthumb -Og -fmessage-length=0 -fsigned-char -ffunction-sections -fdata-sections -ffreestanding -fno-move-loop-invariants -Wall -Wextra  -g3 -DDEBUG -DUSE_FULL_ASSERT -DTRACE -DOS_USE_TRACE_SEMIHOSTING_DEBUG -DSTM32F030 -DUSE_STDPERIPH_DRIVER -DHSE_VALUE=8000000 -I"../include" -I"../system/include" -I"../system/include/cmsis" -I"../system/include/stm32f0-stdperiph" -std=gnu11 -MMD -MP -MF"system/src/cortexm/exception_handlers.d" -MT"system/src/cortexm/exception_handlers.o" -c -o "system/src/cortexm/exception_handlers.o" "../system/src/cortexm/exception_handlers.c"
Finished building: ../system/src/cortexm/exception_handlers.c
 
Building file: ../system/src/cmsis/system_stm32f0xx.c
Invoking: Cross ARM C Compiler
arm-none-eabi-gcc -mcpu=cortex-m0 -mthumb -Og -fmessage-length=0 -fsigned-char -ffunction-sections -fdata-sections -ffreestanding -fno-move-loop-invariants -Wall -Wextra  -g3 -DDEBUG -DUSE_FULL_ASSERT -DTRACE -DOS_USE_TRACE_SEMIHOSTING_DEBUG -DSTM32F030 -DUSE_STDPERIPH_DRIVER -DHSE_VALUE=8000000 -I"../include" -I"../system/include" -I"../system/include/cmsis" -I"../system/include/stm32f0-stdperiph" -std=gnu11 -MMD -MP -MF"system/src/cmsis/system_stm32f0xx.d" -MT"system/src/cmsis/system_stm32f0xx.o" -c -o "system/src/cmsis/system_stm32f0xx.o" "../system/src/cmsis/system_stm32f0xx.c"
Finished building: ../system/src/cmsis/system_stm32f0xx.c
 
Building file: ../system/src/cmsis/vectors_stm32f0xx.c
Invoking: Cross ARM C Compiler
arm-none-eabi-gcc -mcpu=cortex-m0 -mthumb -Og -fmessage-length=0 -fsigned-char -ffunction-sections -fdata-sections -ffreestanding -fno-move-loop-invariants -Wall -Wextra  -g3 -DDEBUG -DUSE_FULL_ASSERT -DTRACE -DOS_USE_TRACE_SEMIHOSTING_DEBUG -DSTM32F030 -DUSE_STDPERIPH_DRIVER -DHSE_VALUE=8000000 -I"../include" -I"../system/include" -I"../system/include/cmsis" -I"../system/include/stm32f0-stdperiph" -std=gnu11 -MMD -MP -MF"system/src/cmsis/vectors_stm32f0xx.d" -MT"system/src/cmsis/vectors_stm32f0xx.o" -c -o "system/src/cmsis/vectors_stm32f0xx.o" "../system/src/cmsis/vectors_stm32f0xx.c"
Finished building: ../system/src/cmsis/vectors_stm32f0xx.c
 
Building file: ../src/MCU/led.c
Invoking: Cross ARM C Compiler
arm-none-eabi-gcc -mcpu=cortex-m0 -mthumb -Og -fmessage-length=0 -fsigned-char -ffunction-sections -fdata-sections -ffreestanding -fno-move-loop-invariants -Wall -Wextra  -g3 -DDEBUG -DUSE_FULL_ASSERT -DTRACE -DOS_USE_TRACE_SEMIHOSTING_DEBUG -DSTM32F030 -DUSE_STDPERIPH_DRIVER -DHSE_VALUE=8000000 -I"../include" -I"../system/include" -I"../system/include/cmsis" -I"../system/include/stm32f0-stdperiph" -std=gnu11 -MMD -MP -MF"src/MCU/led.d" -MT"src/MCU/led.o" -c -o "src/MCU/led.o" "../src/MCU/led.c"
Finished building: ../src/MCU/led.c
 
Building file: ../src/MCU/tick.c
Invoking: Cross ARM C Compiler
arm-none-eabi-gcc -mcpu=cortex-m0 -mthumb -Og -fmessage-length=0 -fsigned-char -ffunction-sections -fdata-sections -ffreestanding -fno-move-loop-invariants -Wall -Wextra  -g3 -DDEBUG -DUSE_FULL_ASSERT -DTRACE -DOS_USE_TRACE_SEMIHOSTING_DEBUG -DSTM32F030 -DUSE_STDPERIPH_DRIVER -DHSE_VALUE=8000000 -I"../include" -I"../system/include" -I"../system/include/cmsis" -I"../system/include/stm32f0-stdperiph" -std=gnu11 -MMD -MP -MF"src/MCU/tick.d" -MT"src/MCU/tick.o" -c -o "src/MCU/tick.o" "../src/MCU/tick.c"
Finished building: ../src/MCU/tick.c
 
Building file: ../src/MCU/usart2.c
Invoking: Cross ARM C Compiler
arm-none-eabi-gcc -mcpu=cortex-m0 -mthumb -Og -fmessage-length=0 -fsigned-char -ffunction-sections -fdata-sections -ffreestanding -fno-move-loop-invariants -Wall -Wextra  -g3 -DDEBUG -DUSE_FULL_ASSERT -DTRACE -DOS_USE_TRACE_SEMIHOSTING_DEBUG -DSTM32F030 -DUSE_STDPERIPH_DRIVER -DHSE_VALUE=8000000 -I"../include" -I"../system/include" -I"../system/include/cmsis" -I"../system/include/stm32f0-stdperiph" -std=gnu11 -MMD -MP -MF"src/MCU/usart2.d" -MT"src/MCU/usart2.o" -c -o "src/MCU/usart2.o" "../src/MCU/usart2.c"
Finished building: ../src/MCU/usart2.c
 
Building file: ../src/FIFO.c
Invoking: Cross ARM C Compiler
arm-none-eabi-gcc -mcpu=cortex-m0 -mthumb -Og -fmessage-length=0 -fsigned-char -ffunction-sections -fdata-sections -ffreestanding -fno-move-loop-invariants -Wall -Wextra  -g3 -DDEBUG -DUSE_FULL_ASSERT -DTRACE -DOS_USE_TRACE_SEMIHOSTING_DEBUG -DSTM32F030 -DUSE_STDPERIPH_DRIVER -DHSE_VALUE=8000000 -I"../include" -I"../system/include" -I"../system/include/cmsis" -I"../system/include/stm32f0-stdperiph" -std=gnu11 -MMD -MP -MF"src/FIFO.d" -MT"src/FIFO.o" -c -o "src/FIFO.o" "../src/FIFO.c"
Finished building: ../src/FIFO.c
 
Building file: ../src/Terminal.c
Invoking: Cross ARM C Compiler
arm-none-eabi-gcc -mcpu=cortex-m0 -mthumb -Og -fmessage-length=0 -fsigned-char -ffunction-sections -fdata-sections -ffreestanding -fno-move-loop-invariants -Wall -Wextra  -g3 -DDEBUG -DUSE_FULL_ASSERT -DTRACE -DOS_USE_TRACE_SEMIHOSTING_DEBUG -DSTM32F030 -DUSE_STDPERIPH_DRIVER -DHSE_VALUE=8000000 -I"../include" -I"../system/include" -I"../system/include/cmsis" -I"../system/include/stm32f0-stdperiph" -std=gnu11 -MMD -MP -MF"src/Terminal.d" -MT"src/Terminal.o" -c -o "src/Terminal.o" "../src/Terminal.c"
../src/Terminal.c: In function 'DisplaySystemInformation':
../src/Terminal.c:34:28: warning: pointer targets in passing argument 1 of 'SerialPort2.SendString' differ in signedness [-Wpointer-sign]
     SerialPort2.SendString((int8_t *)"Hello World\r\n");
                            ^
../src/Terminal.c:34:28: note: expected 'const unsigned char *' but argument is of type 'signed char *'
Finished building: ../src/Terminal.c
 
Building file: ../src/main.c
Invoking: Cross ARM C Compiler
arm-none-eabi-gcc -mcpu=cortex-m0 -mthumb -Og -fmessage-length=0 -fsigned-char -ffunction-sections -fdata-sections -ffreestanding -fno-move-loop-invariants -Wall -Wextra  -g3 -DDEBUG -DUSE_FULL_ASSERT -DTRACE -DOS_USE_TRACE_SEMIHOSTING_DEBUG -DSTM32F030 -DUSE_STDPERIPH_DRIVER -DHSE_VALUE=8000000 -I"../include" -I"../system/include" -I"../system/include/cmsis" -I"../system/include/stm32f0-stdperiph" -std=gnu11 -MMD -MP -MF"src/main.d" -MT"src/main.o" -c -o "src/main.o" "../src/main.c"
Finished building: ../src/main.c
 
Building target: Lesson_10 - Terminal Program - Part 2.elf
Invoking: Cross ARM C++ Linker
arm-none-eabi-g++ -mcpu=cortex-m0 -mthumb -Og -fmessage-length=0 -fsigned-char -ffunction-sections -fdata-sections -ffreestanding -fno-move-loop-invariants -Wall -Wextra  -g3 -T mem.ld -T libs.ld -T sections.ld -nostartfiles -Xlinker --gc-sections -L"../ldscripts" -Wl,-Map,"Lesson_10 - Terminal Program - Part 2.map" --specs=nano.specs -o "Lesson_10 - Terminal Program - Part 2.elf"  ./system/src/stm32f0-stdperiph/stm32f0xx_gpio.o ./system/src/stm32f0-stdperiph/stm32f0xx_rcc.o  ./system/src/newlib/_cxx.o ./system/src/newlib/_exit.o ./system/src/newlib/_sbrk.o ./system/src/newlib/_startup.o ./system/src/newlib/_syscalls.o ./system/src/newlib/assert.o  ./system/src/diag/Trace.o ./system/src/diag/trace_impl.o  ./system/src/cortexm/_initialize_hardware.o ./system/src/cortexm/_reset_hardware.o ./system/src/cortexm/exception_handlers.o  ./system/src/cmsis/system_stm32f0xx.o ./system/src/cmsis/vectors_stm32f0xx.o  ./src/MCU/led.o ./src/MCU/tick.o ./src/MCU/usart2.o  ./src/FIFO.o ./src/Terminal.o ./src/main.o   
Finished building target: Lesson_10 - Terminal Program - Part 2.elf
 
make --no-print-directory post-build
Binary
arm-none-eabi-objcopy -S  -O binary  "Lesson_10 - Terminal Program - Part 2.elf" "Lesson_10 - Terminal Program - Part 2.bin"
 
Invoking: Cross ARM GNU Create Flash Image
arm-none-eabi-objcopy -O ihex "Lesson_10 - Terminal Program - Part 2.elf"  "Lesson_10 - Terminal Program - Part 2.hex"
Finished building: Lesson_10 - Terminal Program - Part 2.hex
 
Invoking: Cross ARM GNU Print Size
arm-none-eabi-size --format=berkeley "Lesson_10 - Terminal Program - Part 2.elf"
   text	   data	    bss	    dec	    hex	filename
   5273	    208	   3004	   8485	   2125	Lesson_10 - Terminal Program - Part 2.elf
Finished building: Lesson_10 - Terminal Program - Part 2.siz
 
09:06:19 **** Incremental Build of configuration Debug for project Lesson_10 - Terminal Program - Part 2 ****
make all 
Building file: ../src/Terminal.c
Invoking: Cross ARM C Compiler
arm-none-eabi-gcc -mcpu=cortex-m0 -mthumb -Og -fmessage-length=0 -fsigned-char -ffunction-sections -fdata-sections -ffreestanding -fno-move-loop-invariants -Wall -Wextra  -g3 -DDEBUG -DUSE_FULL_ASSERT -DTRACE -DOS_USE_TRACE_SEMIHOSTING_DEBUG -DSTM32F030 -DUSE_STDPERIPH_DRIVER -DHSE_VALUE=8000000 -I"../include" -I"../system/include" -I"../system/include/cmsis" -I"../system/include/stm32f0-stdperiph" -std=gnu11 -MMD -MP -MF"src/Terminal.d" -MT"src/Terminal.o" -c -o "src/Terminal.o" "../src/Terminal.c"
Finished building: ../src/Terminal.c
 
Building target: Lesson_10 - Terminal Program - Part 2.elf
Invoking: Cross ARM C++ Linker
arm-none-eabi-g++ -mcpu=cortex-m0 -mthumb -Og -fmessage-length=0 -fsigned-char -ffunction-sections -fdata-sections -ffreestanding -fno-move-loop-invariants -Wall -Wextra  -g3 -T mem.ld -T libs.ld -T sections.ld -nostartfiles -Xlinker --gc-sections -L"../ldscripts" -Wl,-Map,"Lesson_10 - Terminal Program - Part 2.map" --specs=nano.specs -o "Lesson_10 - Terminal Program - Part 2.elf"  ./system/src/stm32f0-stdperiph/stm32f0xx_gpio.o ./system/src/stm32f0-stdperiph/stm32f0xx_rcc.o  ./system/src/newlib/_cxx.o ./system/src/newlib/_exit.o ./system/src/newlib/_sbrk.o ./system/src/newlib/_startup.o ./system/src/newlib/_syscalls.o ./system/src/newlib/assert.o  ./system/src/diag/Trace.o ./system/src/diag/trace_impl.o  ./system/src/cortexm/_initialize_hardware.o ./system/src/cortexm/_reset_hardware.o ./system/src/cortexm/exception_handlers.o  ./system/src/cmsis/system_stm32f0xx.o ./system/src/cmsis/vectors_stm32f0xx.o  ./src/MCU/led.o ./src/MCU/tick.o ./src/MCU/usart2.o  ./src/FIFO.o ./src/Terminal.o ./src/main.o   
Finished building target: Lesson_10 - Terminal Program - Part 2.elf
 
make --no-print-directory post-build
Binary
arm-none-eabi-objcopy -S  -O binary  "Lesson_10 - Terminal Program - Part 2.elf" "Lesson_10 - Terminal Program - Part 2.bin"
 
Invoking: Cross ARM GNU Create Flash Image
arm-none-eabi-objcopy -O ihex "Lesson_10 - Terminal Program - Part 2.elf"  "Lesson_10 - Terminal Program - Part 2.hex"
Finished building: Lesson_10 - Terminal Program - Part 2.hex
 
Invoking: Cross ARM GNU Print Size
arm-none-eabi-size --format=berkeley "Lesson_10 - Terminal Program - Part 2.elf"
   text	   data	    bss	    dec	    hex	filename
   5273	    208	   3004	   8485	   2125	Lesson_10 - Terminal Program - Part 2.elf
Finished building: Lesson_10 - Terminal Program - Part 2.siz
 
09:06:30 **** Incremental Build of configuration Debug for project Lesson_10 - Terminal Program - Part 2 ****
make all 
Invoking: Cross ARM GNU Print Size
arm-none-eabi-size --format=berkeley "Lesson_10 - Terminal Program - Part 2.elf"
   text	   data	    bss	    dec	    hex	filename
   5273	    208	   3004	   8485	   2125	Lesson_10 - Terminal Program - Part 2.elf
Finished building: Lesson_10 - Terminal Program - Part 2.siz
 
09:10:36 **** Incremental Build of configuration Debug for project Lesson_10 - Terminal Program - Part 2 ****
make all 
Building file: ../src/Terminal.c
Invoking: Cross ARM C Compiler
arm-none-eabi-gcc -mcpu=cortex-m0 -mthumb -Og -fmessage-length=0 -fsigned-char -ffunction-sections -fdata-sections -ffreestanding -fno-move-loop-invariants -Wall -Wextra  -g3 -DDEBUG -DUSE_FULL_ASSERT -DTRACE -DOS_USE_TRACE_SEMIHOSTING_DEBUG -DSTM32F030 -DUSE_STDPERIPH_DRIVER -DHSE_VALUE=8000000 -I"../include" -I"../system/include" -I"../system/include/cmsis" -I"../system/include/stm32f0-stdperiph" -std=gnu11 -MMD -MP -MF"src/Terminal.d" -MT"src/Terminal.o" -c -o "src/Terminal.o" "../src/Terminal.c"
../src/Terminal.c:26:14: error: unknown type name 'uin8_t'
 static const uin8_t SystemMessageString[] = "-------------------------------------\r\n"
              ^
../src/Terminal.c:30:12: error: array of inappropriate type initialized from string constant
            "-------------------------------------\r\n";
            ^
../src/Terminal.c: In function 'DisplaySystemInformation':
../src/Terminal.c:39:28: warning: passing argument 1 of 'SerialPort2.SendString' from incompatible pointer type
     SerialPort2.SendString(&SystemMessageString[0]);
                            ^
../src/Terminal.c:39:28: note: expected 'const unsigned char *' but argument is of type 'const int *'
make: *** [src/Terminal.o] Error 1
09:10:50 **** Incremental Build of configuration Debug for project Lesson_10 - Terminal Program - Part 2 ****
make all 
Building file: ../src/Terminal.c
Invoking: Cross ARM C Compiler
arm-none-eabi-gcc -mcpu=cortex-m0 -mthumb -Og -fmessage-length=0 -fsigned-char -ffunction-sections -fdata-sections -ffreestanding -fno-move-loop-invariants -Wall -Wextra  -g3 -DDEBUG -DUSE_FULL_ASSERT -DTRACE -DOS_USE_TRACE_SEMIHOSTING_DEBUG -DSTM32F030 -DUSE_STDPERIPH_DRIVER -DHSE_VALUE=8000000 -I"../include" -I"../system/include" -I"../system/include/cmsis" -I"../system/include/stm32f0-stdperiph" -std=gnu11 -MMD -MP -MF"src/Terminal.d" -MT"src/Terminal.o" -c -o "src/Terminal.o" "../src/Terminal.c"
Finished building: ../src/Terminal.c
 
Building target: Lesson_10 - Terminal Program - Part 2.elf
Invoking: Cross ARM C++ Linker
arm-none-eabi-g++ -mcpu=cortex-m0 -mthumb -Og -fmessage-length=0 -fsigned-char -ffunction-sections -fdata-sections -ffreestanding -fno-move-loop-invariants -Wall -Wextra  -g3 -T mem.ld -T libs.ld -T sections.ld -nostartfiles -Xlinker --gc-sections -L"../ldscripts" -Wl,-Map,"Lesson_10 - Terminal Program - Part 2.map" --specs=nano.specs -o "Lesson_10 - Terminal Program - Part 2.elf"  ./system/src/stm32f0-stdperiph/stm32f0xx_gpio.o ./system/src/stm32f0-stdperiph/stm32f0xx_rcc.o  ./system/src/newlib/_cxx.o ./system/src/newlib/_exit.o ./system/src/newlib/_sbrk.o ./system/src/newlib/_startup.o ./system/src/newlib/_syscalls.o ./system/src/newlib/assert.o  ./system/src/diag/Trace.o ./system/src/diag/trace_impl.o  ./system/src/cortexm/_initialize_hardware.o ./system/src/cortexm/_reset_hardware.o ./system/src/cortexm/exception_handlers.o  ./system/src/cmsis/system_stm32f0xx.o ./system/src/cmsis/vectors_stm32f0xx.o  ./src/MCU/led.o ./src/MCU/tick.o ./src/MCU/usart2.o  ./src/FIFO.o ./src/Terminal.o ./src/main.o   
Finished building target: Lesson_10 - Terminal Program - Part 2.elf
 
make --no-print-directory post-build
Binary
arm-none-eabi-objcopy -S  -O binary  "Lesson_10 - Terminal Program - Part 2.elf" "Lesson_10 - Terminal Program - Part 2.bin"
 
Invoking: Cross ARM GNU Create Flash Image
arm-none-eabi-objcopy -O ihex "Lesson_10 - Terminal Program - Part 2.elf"  "Lesson_10 - Terminal Program - Part 2.hex"
Finished building: Lesson_10 - Terminal Program - Part 2.hex
 
Invoking: Cross ARM GNU Print Size
arm-none-eabi-size --format=berkeley "Lesson_10 - Terminal Program - Part 2.elf"
   text	   data	    bss	    dec	    hex	filename
   5388	    208	   3004	   8600	   2198	Lesson_10 - Terminal Program - Part 2.elf
Finished building: Lesson_10 - Terminal Program - Part 2.siz
 
09:11:06 **** Incremental Build of configuration Debug for project Lesson_10 - Terminal Program - Part 2 ****
make all 
Invoking: Cross ARM GNU Print Size
arm-none-eabi-size --format=berkeley "Lesson_10 - Terminal Program - Part 2.elf"
   text	   data	    bss	    dec	    hex	filename
   5388	    208	   3004	   8600	   2198	Lesson_10 - Terminal Program - Part 2.elf
Finished building: Lesson_10 - Terminal Program - Part 2.siz
 
09:15:12 **** Incremental Build of configuration Debug for project Lesson_10 - Terminal Program - Part 2 ****
make all 
Building file: ../src/Terminal.c
Invoking: Cross ARM C Compiler
arm-none-eabi-gcc -mcpu=cortex-m0 -mthumb -Og -fmessage-length=0 -fsigned-char -ffunction-sections -fdata-sections -ffreestanding -fno-move-loop-invariants -Wall -Wextra  -g3 -DDEBUG -DUSE_FULL_ASSERT -DTRACE -DOS_USE_TRACE_SEMIHOSTING_DEBUG -DSTM32F030 -DUSE_STDPERIPH_DRIVER -DHSE_VALUE=8000000 -I"../include" -I"../system/include" -I"../system/include/cmsis" -I"../system/include/stm32f0-stdperiph" -std=gnu11 -MMD -MP -MF"src/Terminal.d" -MT"src/Terminal.o" -c -o "src/Terminal.o" "../src/Terminal.c"
../src/Terminal.c:24:23: error: 'TERMINALD_BUFFER_SIZE' undeclared here (not in a function)
 static uint8_t Buffer[TERMINALD_BUFFER_SIZE];
                       ^
../src/Terminal.c:24:16: warning: 'Buffer' defined but not used [-Wunused-variable]
 static uint8_t Buffer[TERMINALD_BUFFER_SIZE];
                ^
make: *** [src/Terminal.o] Error 1
09:15:15 **** Incremental Build of configuration Debug for project Lesson_10 - Terminal Program - Part 2 ****
make all 
Building file: ../src/Terminal.c
Invoking: Cross ARM C Compiler
arm-none-eabi-gcc -mcpu=cortex-m0 -mthumb -Og -fmessage-length=0 -fsigned-char -ffunction-sections -fdata-sections -ffreestanding -fno-move-loop-invariants -Wall -Wextra  -g3 -DDEBUG -DUSE_FULL_ASSERT -DTRACE -DOS_USE_TRACE_SEMIHOSTING_DEBUG -DSTM32F030 -DUSE_STDPERIPH_DRIVER -DHSE_VALUE=8000000 -I"../include" -I"../system/include" -I"../system/include/cmsis" -I"../system/include/stm32f0-stdperiph" -std=gnu11 -MMD -MP -MF"src/Terminal.d" -MT"src/Terminal.o" -c -o "src/Terminal.o" "../src/Terminal.c"
../src/Terminal.c:24:23: error: 'TERMINALD_BUFFER_SIZE' undeclared here (not in a function)
 static uint8_t Buffer[TERMINALD_BUFFER_SIZE];
                       ^
../src/Terminal.c:24:16: warning: 'Buffer' defined but not used [-Wunused-variable]
 static uint8_t Buffer[TERMINALD_BUFFER_SIZE];
                ^
make: *** [src/Terminal.o] Error 1
09:15:26 **** Incremental Build of configuration Debug for project Lesson_10 - Terminal Program - Part 2 ****
make all 
Building file: ../src/Terminal.c
Invoking: Cross ARM C Compiler
arm-none-eabi-gcc -mcpu=cortex-m0 -mthumb -Og -fmessage-length=0 -fsigned-char -ffunction-sections -fdata-sections -ffreestanding -fno-move-loop-invariants -Wall -Wextra  -g3 -DDEBUG -DUSE_FULL_ASSERT -DTRACE -DOS_USE_TRACE_SEMIHOSTING_DEBUG -DSTM32F030 -DUSE_STDPERIPH_DRIVER -DHSE_VALUE=8000000 -I"../include" -I"../system/include" -I"../system/include/cmsis" -I"../system/include/stm32f0-stdperiph" -std=gnu11 -MMD -MP -MF"src/Terminal.d" -MT"src/Terminal.o" -c -o "src/Terminal.o" "../src/Terminal.c"
../src/Terminal.c:24:23: error: 'TERMINALD_BUFFER_SIZE' undeclared here (not in a function)
 static uint8_t Buffer[TERMINALD_BUFFER_SIZE];
                       ^
../src/Terminal.c:24:16: warning: 'Buffer' defined but not used [-Wunused-variable]
 static uint8_t Buffer[TERMINALD_BUFFER_SIZE];
                ^
make: *** [src/Terminal.o] Error 1
09:15:50 **** Incremental Build of configuration Debug for project Lesson_10 - Terminal Program - Part 2 ****
make all 
Building file: ../src/Terminal.c
Invoking: Cross ARM C Compiler
arm-none-eabi-gcc -mcpu=cortex-m0 -mthumb -Og -fmessage-length=0 -fsigned-char -ffunction-sections -fdata-sections -ffreestanding -fno-move-loop-invariants -Wall -Wextra  -g3 -DDEBUG -DUSE_FULL_ASSERT -DTRACE -DOS_USE_TRACE_SEMIHOSTING_DEBUG -DSTM32F030 -DUSE_STDPERIPH_DRIVER -DHSE_VALUE=8000000 -I"../include" -I"../system/include" -I"../system/include/cmsis" -I"../system/include/stm32f0-stdperiph" -std=gnu11 -MMD -MP -MF"src/Terminal.d" -MT"src/Terminal.o" -c -o "src/Terminal.o" "../src/Terminal.c"
Finished building: ../src/Terminal.c
 
Building target: Lesson_10 - Terminal Program - Part 2.elf
Invoking: Cross ARM C++ Linker
arm-none-eabi-g++ -mcpu=cortex-m0 -mthumb -Og -fmessage-length=0 -fsigned-char -ffunction-sections -fdata-sections -ffreestanding -fno-move-loop-invariants -Wall -Wextra  -g3 -T mem.ld -T libs.ld -T sections.ld -nostartfiles -Xlinker --gc-sections -L"../ldscripts" -Wl,-Map,"Lesson_10 - Terminal Program - Part 2.map" --specs=nano.specs -o "Lesson_10 - Terminal Program - Part 2.elf"  ./system/src/stm32f0-stdperiph/stm32f0xx_gpio.o ./system/src/stm32f0-stdperiph/stm32f0xx_rcc.o  ./system/src/newlib/_cxx.o ./system/src/newlib/_exit.o ./system/src/newlib/_sbrk.o ./system/src/newlib/_startup.o ./system/src/newlib/_syscalls.o ./system/src/newlib/assert.o  ./system/src/diag/Trace.o ./system/src/diag/trace_impl.o  ./system/src/cortexm/_initialize_hardware.o ./system/src/cortexm/_reset_hardware.o ./system/src/cortexm/exception_handlers.o  ./system/src/cmsis/system_stm32f0xx.o ./system/src/cmsis/vectors_stm32f0xx.o  ./src/MCU/led.o ./src/MCU/tick.o ./src/MCU/usart2.o  ./src/FIFO.o ./src/Terminal.o ./src/main.o   
Finished building target: Lesson_10 - Terminal Program - Part 2.elf
 
make --no-print-directory post-build
Binary
arm-none-eabi-objcopy -S  -O binary  "Lesson_10 - Terminal Program - Part 2.elf" "Lesson_10 - Terminal Program - Part 2.bin"
 
Invoking: Cross ARM GNU Create Flash Image
arm-none-eabi-objcopy -O ihex "Lesson_10 - Terminal Program - Part 2.elf"  "Lesson_10 - Terminal Program - Part 2.hex"
Finished building: Lesson_10 - Terminal Program - Part 2.hex
 
Invoking: Cross ARM GNU Print Size
arm-none-eabi-size --format=berkeley "Lesson_10 - Terminal Program - Part 2.elf"
   text	   data	    bss	    dec	    hex	filename
   5392	    208	   3024	   8624	   21b0	Lesson_10 - Terminal Program - Part 2.elf
Finished building: Lesson_10 - Terminal Program - Part 2.siz
 
09:15:55 **** Incremental Build of configuration Debug for project Lesson_10 - Terminal Program - Part 2 ****
make all 
Invoking: Cross ARM GNU Print Size
arm-none-eabi-size --format=berkeley "Lesson_10 - Terminal Program - Part 2.elf"
   text	   data	    bss	    dec	    hex	filename
   5392	    208	   3024	   8624	   21b0	Lesson_10 - Terminal Program - Part 2.elf
Finished building: Lesson_10 - Terminal Program - Part 2.siz
 
10:44:02 **** Clean-only build of configuration Debug for project Lesson_10 - Terminal Program - Part 3 ****
make clean 
rm -rf  ./system/src/stm32f0-stdperiph/stm32f0xx_gpio.o ./system/src/stm32f0-stdperiph/stm32f0xx_rcc.o  ./system/src/newlib/_cxx.o ./system/src/newlib/_exit.o ./system/src/newlib/_sbrk.o ./system/src/newlib/_startup.o ./system/src/newlib/_syscalls.o ./system/src/newlib/assert.o  ./system/src/diag/Trace.o ./system/src/diag/trace_impl.o  ./system/src/cortexm/_initialize_hardware.o ./system/src/cortexm/_reset_hardware.o ./system/src/cortexm/exception_handlers.o  ./system/src/cmsis/system_stm32f0xx.o ./system/src/cmsis/vectors_stm32f0xx.o  ./src/MCU/led.o ./src/MCU/tick.o ./src/MCU/usart2.o  ./src/FIFO.o ./src/Terminal.o ./src/main.o  Lesson_10\ -\ Terminal\ Program\ -\ Part\ 2.hex  Lesson_10\ -\ Terminal\ Program\ -\ Part\ 2.siz  ./system/src/stm32f0-stdperiph/stm32f0xx_gpio.d ./system/src/stm32f0-stdperiph/stm32f0xx_rcc.d  ./system/src/newlib/_exit.d ./system/src/newlib/_sbrk.d ./system/src/newlib/_startup.d ./system/src/newlib/_syscalls.d ./system/src/newlib/assert.d  ./system/src/diag/Trace.d ./system/src/diag/trace_impl.d  ./system/src/cortexm/_initialize_hardware.d ./system/src/cortexm/_reset_hardware.d ./system/src/cortexm/exception_handlers.d  ./system/src/cmsis/system_stm32f0xx.d ./system/src/cmsis/vectors_stm32f0xx.d  ./src/MCU/led.d ./src/MCU/tick.d ./src/MCU/usart2.d  ./src/FIFO.d ./src/Terminal.d ./src/main.d  ./system/src/newlib/_cxx.d  "Lesson_10 - Terminal Program - Part 2.elf"
 
10:44:03 **** Build of configuration Debug for project Lesson_10 - Terminal Program - Part 3 ****
make all 
Building file: ../system/src/stm32f0-stdperiph/stm32f0xx_gpio.c
Invoking: Cross ARM C Compiler
arm-none-eabi-gcc -mcpu=cortex-m0 -mthumb -Og -fmessage-length=0 -fsigned-char -ffunction-sections -fdata-sections -ffreestanding -fno-move-loop-invariants -Wall -Wextra  -g3 -DDEBUG -DUSE_FULL_ASSERT -DTRACE -DOS_USE_TRACE_SEMIHOSTING_DEBUG -DSTM32F030 -DUSE_STDPERIPH_DRIVER -DHSE_VALUE=8000000 -I"../include" -I"../system/include" -I"../system/include/cmsis" -I"../system/include/stm32f0-stdperiph" -std=gnu11 -MMD -MP -MF"system/src/stm32f0-stdperiph/stm32f0xx_gpio.d" -MT"system/src/stm32f0-stdperiph/stm32f0xx_gpio.o" -c -o "system/src/stm32f0-stdperiph/stm32f0xx_gpio.o" "../system/src/stm32f0-stdperiph/stm32f0xx_gpio.c"
Finished building: ../system/src/stm32f0-stdperiph/stm32f0xx_gpio.c
 
Building file: ../system/src/stm32f0-stdperiph/stm32f0xx_rcc.c
Invoking: Cross ARM C Compiler
arm-none-eabi-gcc -mcpu=cortex-m0 -mthumb -Og -fmessage-length=0 -fsigned-char -ffunction-sections -fdata-sections -ffreestanding -fno-move-loop-invariants -Wall -Wextra  -g3 -DDEBUG -DUSE_FULL_ASSERT -DTRACE -DOS_USE_TRACE_SEMIHOSTING_DEBUG -DSTM32F030 -DUSE_STDPERIPH_DRIVER -DHSE_VALUE=8000000 -I"../include" -I"../system/include" -I"../system/include/cmsis" -I"../system/include/stm32f0-stdperiph" -std=gnu11 -MMD -MP -MF"system/src/stm32f0-stdperiph/stm32f0xx_rcc.d" -MT"system/src/stm32f0-stdperiph/stm32f0xx_rcc.o" -c -o "system/src/stm32f0-stdperiph/stm32f0xx_rcc.o" "../system/src/stm32f0-stdperiph/stm32f0xx_rcc.c"
Finished building: ../system/src/stm32f0-stdperiph/stm32f0xx_rcc.c
 
Building file: ../system/src/newlib/_cxx.cpp
Invoking: Cross ARM C++ Compiler
arm-none-eabi-g++ -mcpu=cortex-m0 -mthumb -Og -fmessage-length=0 -fsigned-char -ffunction-sections -fdata-sections -ffreestanding -fno-move-loop-invariants -Wall -Wextra  -g3 -DDEBUG -DUSE_FULL_ASSERT -DTRACE -DOS_USE_TRACE_SEMIHOSTING_DEBUG -DSTM32F030 -DUSE_STDPERIPH_DRIVER -DHSE_VALUE=8000000 -I"../include" -I"../system/include" -I"../system/include/cmsis" -I"../system/include/stm32f0-stdperiph" -std=gnu++11 -fabi-version=0 -fno-exceptions -fno-rtti -fno-use-cxa-atexit -fno-threadsafe-statics -MMD -MP -MF"system/src/newlib/_cxx.d" -MT"system/src/newlib/_cxx.o" -c -o "system/src/newlib/_cxx.o" "../system/src/newlib/_cxx.cpp"
Finished building: ../system/src/newlib/_cxx.cpp
 
Building file: ../system/src/newlib/_exit.c
Invoking: Cross ARM C Compiler
arm-none-eabi-gcc -mcpu=cortex-m0 -mthumb -Og -fmessage-length=0 -fsigned-char -ffunction-sections -fdata-sections -ffreestanding -fno-move-loop-invariants -Wall -Wextra  -g3 -DDEBUG -DUSE_FULL_ASSERT -DTRACE -DOS_USE_TRACE_SEMIHOSTING_DEBUG -DSTM32F030 -DUSE_STDPERIPH_DRIVER -DHSE_VALUE=8000000 -I"../include" -I"../system/include" -I"../system/include/cmsis" -I"../system/include/stm32f0-stdperiph" -std=gnu11 -MMD -MP -MF"system/src/newlib/_exit.d" -MT"system/src/newlib/_exit.o" -c -o "system/src/newlib/_exit.o" "../system/src/newlib/_exit.c"
Finished building: ../system/src/newlib/_exit.c
 
Building file: ../system/src/newlib/_sbrk.c
Invoking: Cross ARM C Compiler
arm-none-eabi-gcc -mcpu=cortex-m0 -mthumb -Og -fmessage-length=0 -fsigned-char -ffunction-sections -fdata-sections -ffreestanding -fno-move-loop-invariants -Wall -Wextra  -g3 -DDEBUG -DUSE_FULL_ASSERT -DTRACE -DOS_USE_TRACE_SEMIHOSTING_DEBUG -DSTM32F030 -DUSE_STDPERIPH_DRIVER -DHSE_VALUE=8000000 -I"../include" -I"../system/include" -I"../system/include/cmsis" -I"../system/include/stm32f0-stdperiph" -std=gnu11 -MMD -MP -MF"system/src/newlib/_sbrk.d" -MT"system/src/newlib/_sbrk.o" -c -o "system/src/newlib/_sbrk.o" "../system/src/newlib/_sbrk.c"
Finished building: ../system/src/newlib/_sbrk.c
 
Building file: ../system/src/newlib/_startup.c
Invoking: Cross ARM C Compiler
arm-none-eabi-gcc -mcpu=cortex-m0 -mthumb -Og -fmessage-length=0 -fsigned-char -ffunction-sections -fdata-sections -ffreestanding -fno-move-loop-invariants -Wall -Wextra  -g3 -DDEBUG -DUSE_FULL_ASSERT -DTRACE -DOS_USE_TRACE_SEMIHOSTING_DEBUG -DSTM32F030 -DUSE_STDPERIPH_DRIVER -DHSE_VALUE=8000000 -I"../include" -I"../system/include" -I"../system/include/cmsis" -I"../system/include/stm32f0-stdperiph" -std=gnu11 -MMD -MP -MF"system/src/newlib/_startup.d" -MT"system/src/newlib/_startup.o" -c -o "system/src/newlib/_startup.o" "../system/src/newlib/_startup.c"
Finished building: ../system/src/newlib/_startup.c
 
Building file: ../system/src/newlib/_syscalls.c
Invoking: Cross ARM C Compiler
arm-none-eabi-gcc -mcpu=cortex-m0 -mthumb -Og -fmessage-length=0 -fsigned-char -ffunction-sections -fdata-sections -ffreestanding -fno-move-loop-invariants -Wall -Wextra  -g3 -DDEBUG -DUSE_FULL_ASSERT -DTRACE -DOS_USE_TRACE_SEMIHOSTING_DEBUG -DSTM32F030 -DUSE_STDPERIPH_DRIVER -DHSE_VALUE=8000000 -I"../include" -I"../system/include" -I"../system/include/cmsis" -I"../system/include/stm32f0-stdperiph" -std=gnu11 -MMD -MP -MF"system/src/newlib/_syscalls.d" -MT"system/src/newlib/_syscalls.o" -c -o "system/src/newlib/_syscalls.o" "../system/src/newlib/_syscalls.c"
Finished building: ../system/src/newlib/_syscalls.c
 
[...]
 
Building file: ../src/FIFO.c
Invoking: Cross ARM C Compiler
arm-none-eabi-gcc -mcpu=cortex-m0 -mthumb -Og -fmessage-length=0 -fsigned-char -ffunction-sections -fdata-sections -ffreestanding -fno-move-loop-invariants -Wall -Wextra  -g3 -DDEBUG -DUSE_FULL_ASSERT -DTRACE -DOS_USE_TRACE_SEMIHOSTING_DEBUG -DSTM32F030 -DUSE_STDPERIPH_DRIVER -DHSE_VALUE=8000000 -I"../include" -I"../system/include" -I"../system/include/cmsis" -I"../system/include/stm32f0-stdperiph" -std=gnu11 -MMD -MP -MF"src/FIFO.d" -MT"src/FIFO.o" -c -o "src/FIFO.o" "../src/FIFO.c"
Finished building: ../src/FIFO.c
 
Building file: ../src/Terminal.c
Invoking: Cross ARM C Compiler
arm-none-eabi-gcc -mcpu=cortex-m0 -mthumb -Og -fmessage-length=0 -fsigned-char -ffunction-sections -fdata-sections -ffreestanding -fno-move-loop-invariants -Wall -Wextra  -g3 -DDEBUG -DUSE_FULL_ASSERT -DTRACE -DOS_USE_TRACE_SEMIHOSTING_DEBUG -DSTM32F030 -DUSE_STDPERIPH_DRIVER -DHSE_VALUE=8000000 -I"../include" -I"../system/include" -I"../system/include/cmsis" -I"../system/include/stm32f0-stdperiph" -std=gnu11 -MMD -MP -MF"src/Terminal.d" -MT"src/Terminal.o" -c -o "src/Terminal.o" "../src/Terminal.c"
Finished building: ../src/Terminal.c
 
Building file: ../src/main.c
Invoking: Cross ARM C Compiler
arm-none-eabi-gcc -mcpu=cortex-m0 -mthumb -Og -fmessage-length=0 -fsigned-char -ffunction-sections -fdata-sections -ffreestanding -fno-move-loop-invariants -Wall -Wextra  -g3 -DDEBUG -DUSE_FULL_ASSERT -DTRACE -DOS_USE_TRACE_SEMIHOSTING_DEBUG -DSTM32F030 -DUSE_STDPERIPH_DRIVER -DHSE_VALUE=8000000 -I"../include" -I"../system/include" -I"../system/include/cmsis" -I"../system/include/stm32f0-stdperiph" -std=gnu11 -MMD -MP -MF"src/main.d" -MT"src/main.o" -c -o "src/main.o" "../src/main.c"
Finished building: ../src/main.c
 
Building target: Lesson_10 - Terminal Program - Part 4.elf
Invoking: Cross ARM C++ Linker
arm-none-eabi-g++ -mcpu=cortex-m0 -mthumb -Og -fmessage-length=0 -fsigned-char -ffunction-sections -fdata-sections -ffreestanding -fno-move-loop-invariants -Wall -Wextra  -g3 -T mem.ld -T libs.ld -T sections.ld -nostartfiles -Xlinker --gc-sections -L"../ldscripts" -Wl,-Map,"Lesson_10 - Terminal Program - Part 4.map" --specs=nano.specs -o "Lesson_10 - Terminal Program - Part 4.elf"  ./system/src/stm32f0-stdperiph/stm32f0xx_gpio.o ./system/src/stm32f0-stdperiph/stm32f0xx_rcc.o  ./system/src/newlib/_cxx.o ./system/src/newlib/_exit.o ./system/src/newlib/_sbrk.o ./system/src/newlib/_startup.o ./system/src/newlib/_syscalls.o ./system/src/newlib/assert.o  ./system/src/diag/Trace.o ./system/src/diag/trace_impl.o  ./system/src/cortexm/_initialize_hardware.o ./system/src/cortexm/_reset_hardware.o ./system/src/cortexm/exception_handlers.o  ./system/src/cmsis/system_stm32f0xx.o ./system/src/cmsis/vectors_stm32f0xx.o  ./src/MCU/led.o ./src/MCU/tick.o ./src/MCU/usart2.o  ./src/FIFO.o ./src/Terminal.o ./src/main.o   
Finished building target: Lesson_10 - Terminal Program - Part 4.elf
 
make --no-print-directory post-build
Binary
arm-none-eabi-objcopy -S  -O binary  "Lesson_10 - Terminal Program - Part 4.elf" "Lesson_10 - Terminal Program - Part 4.bin"
 
Invoking: Cross ARM GNU Create Flash Image
arm-none-eabi-objcopy -O ihex "Lesson_10 - Terminal Program - Part 4.elf"  "Lesson_10 - Terminal Program - Part 4.hex"
Finished building: Lesson_10 - Terminal Program - Part 4.hex
 
Invoking: Cross ARM GNU Print Size
arm-none-eabi-size --format=berkeley "Lesson_10 - Terminal Program - Part 4.elf"
   text	   data	    bss	    dec	    hex	filename
  22264	    268	   3272	  25804	   64cc	Lesson_10 - Terminal Program - Part 4.elf
Finished building: Lesson_10 - Terminal Program - Part 4.siz
 
11:32:19 **** Incremental Build of configuration Debug for project Lesson_10 - Terminal Program - Part 4 ****
make all 
Building file: ../src/Terminal.c
Invoking: Cross ARM C Compiler
arm-none-eabi-gcc -mcpu=cortex-m0 -mthumb -Og -fmessage-length=0 -fsigned-char -ffunction-sections -fdata-sections -ffreestanding -fno-move-loop-invariants -Wall -Wextra  -g3 -DDEBUG -DUSE_FULL_ASSERT -DTRACE -DOS_USE_TRACE_SEMIHOSTING_DEBUG -DSTM32F030 -DUSE_STDPERIPH_DRIVER -DHSE_VALUE=8000000 -I"../include" -I"../system/include" -I"../system/include/cmsis" -I"../system/include/stm32f0-stdperiph" -std=gnu11 -MMD -MP -MF"src/Terminal.d" -MT"src/Terminal.o" -c -o "src/Terminal.o" "../src/Terminal.c"
Finished building: ../src/Terminal.c
 
Building target: Lesson_10 - Terminal Program - Part 4.elf
Invoking: Cross ARM C++ Linker
arm-none-eabi-g++ -mcpu=cortex-m0 -mthumb -Og -fmessage-length=0 -fsigned-char -ffunction-sections -fdata-sections -ffreestanding -fno-move-loop-invariants -Wall -Wextra  -g3 -T mem.ld -T libs.ld -T sections.ld -nostartfiles -Xlinker --gc-sections -L"../ldscripts" -Wl,-Map,"Lesson_10 - Terminal Program - Part 4.map" --specs=nano.specs -o "Lesson_10 - Terminal Program - Part 4.elf"  ./system/src/stm32f0-stdperiph/stm32f0xx_gpio.o ./system/src/stm32f0-stdperiph/stm32f0xx_rcc.o  ./system/src/newlib/_cxx.o ./system/src/newlib/_exit.o ./system/src/newlib/_sbrk.o ./system/src/newlib/_startup.o ./system/src/newlib/_syscalls.o ./system/src/newlib/assert.o  ./system/src/diag/Trace.o ./system/src/diag/trace_impl.o  ./system/src/cortexm/_initialize_hardware.o ./system/src/cortexm/_reset_hardware.o ./system/src/cortexm/exception_handlers.o  ./system/src/cmsis/system_stm32f0xx.o ./system/src/cmsis/vectors_stm32f0xx.o  ./src/MCU/led.o ./src/MCU/tick.o ./src/MCU/usart2.o  ./src/FIFO.o ./src/Terminal.o ./src/main.o   
Finished building target: Lesson_10 - Terminal Program - Part 4.elf
 
make --no-print-directory post-build
Binary
arm-none-eabi-objcopy -S  -O binary  "Lesson_10 - Terminal Program - Part 4.elf" "Lesson_10 - Terminal Program - Part 4.bin"
 
Invoking: Cross ARM GNU Create Flash Image
arm-none-eabi-objcopy -O ihex "Lesson_10 - Terminal Program - Part 4.elf"  "Lesson_10 - Terminal Program - Part 4.hex"
Finished building: Lesson_10 - Terminal Program - Part 4.hex
 
Invoking: Cross ARM GNU Print Size
arm-none-eabi-size --format=berkeley "Lesson_10 - Terminal Program - Part 4.elf"
   text	   data	    bss	    dec	    hex	filename
  22264	    268	   3272	  25804	   64cc	Lesson_10 - Terminal Program - Part 4.elf
Finished building: Lesson_10 - Terminal Program - Part 4.siz
 
11:32:29 **** Incremental Build of configuration Debug for project Lesson_10 - Terminal Program - Part 4 ****
make all 
Building file: ../src/Terminal.c
Invoking: Cross ARM C Compiler
arm-none-eabi-gcc -mcpu=cortex-m0 -mthumb -Og -fmessage-length=0 -fsigned-char -ffunction-sections -fdata-sections -ffreestanding -fno-move-loop-invariants -Wall -Wextra  -g3 -DDEBUG -DUSE_FULL_ASSERT -DTRACE -DOS_USE_TRACE_SEMIHOSTING_DEBUG -DSTM32F030 -DUSE_STDPERIPH_DRIVER -DHSE_VALUE=8000000 -I"../include" -I"../system/include" -I"../system/include/cmsis" -I"../system/include/stm32f0-stdperiph" -std=gnu11 -MMD -MP -MF"src/Terminal.d" -MT"src/Terminal.o" -c -o "src/Terminal.o" "../src/Terminal.c"
Finished building: ../src/Terminal.c
 
Building target: Lesson_10 - Terminal Program - Part 4.elf
Invoking: Cross ARM C++ Linker
arm-none-eabi-g++ -mcpu=cortex-m0 -mthumb -Og -fmessage-length=0 -fsigned-char -ffunction-sections -fdata-sections -ffreestanding -fno-move-loop-invariants -Wall -Wextra  -g3 -T mem.ld -T libs.ld -T sections.ld -nostartfiles -Xlinker --gc-sections -L"../ldscripts" -Wl,-Map,"Lesson_10 - Terminal Program - Part 4.map" --specs=nano.specs -o "Lesson_10 - Terminal Program - Part 4.elf"  ./system/src/stm32f0-stdperiph/stm32f0xx_gpio.o ./system/src/stm32f0-stdperiph/stm32f0xx_rcc.o  ./system/src/newlib/_cxx.o ./system/src/newlib/_exit.o ./system/src/newlib/_sbrk.o ./system/src/newlib/_startup.o ./system/src/newlib/_syscalls.o ./system/src/newlib/assert.o  ./system/src/diag/Trace.o ./system/src/diag/trace_impl.o  ./system/src/cortexm/_initialize_hardware.o ./system/src/cortexm/_reset_hardware.o ./system/src/cortexm/exception_handlers.o  ./system/src/cmsis/system_stm32f0xx.o ./system/src/cmsis/vectors_stm32f0xx.o  ./src/MCU/led.o ./src/MCU/tick.o ./src/MCU/usart2.o  ./src/FIFO.o ./src/Terminal.o ./src/main.o   
Finished building target: Lesson_10 - Terminal Program - Part 4.elf
 
make --no-print-directory post-build
Binary
arm-none-eabi-objcopy -S  -O binary  "Lesson_10 - Terminal Program - Part 4.elf" "Lesson_10 - Terminal Program - Part 4.bin"
 
Invoking: Cross ARM GNU Create Flash Image
arm-none-eabi-objcopy -O ihex "Lesson_10 - Terminal Program - Part 4.elf"  "Lesson_10 - Terminal Program - Part 4.hex"
Finished building: Lesson_10 - Terminal Program - Part 4.hex
 
Invoking: Cross ARM GNU Print Size
arm-none-eabi-size --format=berkeley "Lesson_10 - Terminal Program - Part 4.elf"
   text	   data	    bss	    dec	    hex	filename
  22264	    268	   3272	  25804	   64cc	Lesson_10 - Terminal Program - Part 4.elf
Finished building: Lesson_10 - Terminal Program - Part 4.siz
 
11:36:43 **** Incremental Build of configuration Debug for project Lesson_10 - Terminal Program - Part 4 ****
make all 
Building file: ../src/Terminal.c
Invoking: Cross ARM C Compiler
arm-none-eabi-gcc -mcpu=cortex-m0 -mthumb -Og -fmessage-length=0 -fsigned-char -ffunction-sections -fdata-sections -ffreestanding -fno-move-loop-invariants -Wall -Wextra  -g3 -DDEBUG -DUSE_FULL_ASSERT -DTRACE -DOS_USE_TRACE_SEMIHOSTING_DEBUG -DSTM32F030 -DUSE_STDPERIPH_DRIVER -DHSE_VALUE=8000000 -I"../include" -I"../system/include" -I"../system/include/cmsis" -I"../system/include/stm32f0-stdperiph" -std=gnu11 -MMD -MP -MF"src/Terminal.d" -MT"src/Terminal.o" -c -o "src/Terminal.o" "../src/Terminal.c"
Finished building: ../src/Terminal.c
 
Building target: Lesson_10 - Terminal Program - Part 4.elf
Invoking: Cross ARM C++ Linker
arm-none-eabi-g++ -mcpu=cortex-m0 -mthumb -Og -fmessage-length=0 -fsigned-char -ffunction-sections -fdata-sections -ffreestanding -fno-move-loop-invariants -Wall -Wextra  -g3 -T mem.ld -T libs.ld -T sections.ld -nostartfiles -Xlinker --gc-sections -L"../ldscripts" -Wl,-Map,"Lesson_10 - Terminal Program - Part 4.map" --specs=nano.specs -o "Lesson_10 - Terminal Program - Part 4.elf"  ./system/src/stm32f0-stdperiph/stm32f0xx_gpio.o ./system/src/stm32f0-stdperiph/stm32f0xx_rcc.o  ./system/src/newlib/_cxx.o ./system/src/newlib/_exit.o ./system/src/newlib/_sbrk.o ./system/src/newlib/_startup.o ./system/src/newlib/_syscalls.o ./system/src/newlib/assert.o  ./system/src/diag/Trace.o ./system/src/diag/trace_impl.o  ./system/src/cortexm/_initialize_hardware.o ./system/src/cortexm/_reset_hardware.o ./system/src/cortexm/exception_handlers.o  ./system/src/cmsis/system_stm32f0xx.o ./system/src/cmsis/vectors_stm32f0xx.o  ./src/MCU/led.o ./src/MCU/tick.o ./src/MCU/usart2.o  ./src/FIFO.o ./src/Terminal.o ./src/main.o   
Finished building target: Lesson_10 - Terminal Program - Part 4.elf
 
make --no-print-directory post-build
Binary
arm-none-eabi-objcopy -S  -O binary  "Lesson_10 - Terminal Program - Part 4.elf" "Lesson_10 - Terminal Program - Part 4.bin"
 
Invoking: Cross ARM GNU Create Flash Image
arm-none-eabi-objcopy -O ihex "Lesson_10 - Terminal Program - Part 4.elf"  "Lesson_10 - Terminal Program - Part 4.hex"
Finished building: Lesson_10 - Terminal Program - Part 4.hex
 
Invoking: Cross ARM GNU Print Size
arm-none-eabi-size --format=berkeley "Lesson_10 - Terminal Program - Part 4.elf"
   text	   data	    bss	    dec	    hex	filename
  22288	    268	   3272	  25828	   64e4	Lesson_10 - Terminal Program - Part 4.elf
Finished building: Lesson_10 - Terminal Program - Part 4.siz
 
11:36:50 **** Incremental Build of configuration Debug for project Lesson_10 - Terminal Program - Part 4 ****
make all 
Invoking: Cross ARM GNU Print Size
arm-none-eabi-size --format=berkeley "Lesson_10 - Terminal Program - Part 4.elf"
   text	   data	    bss	    dec	    hex	filename
  22288	    268	   3272	  25828	   64e4	Lesson_10 - Terminal Program - Part 4.elf
Finished building: Lesson_10 - Terminal Program - Part 4.siz
 
11:41:33 **** Incremental Build of configuration Debug for project Lesson_10 - Terminal Program - Part 4 ****
make all 
Building file: ../src/Terminal.c
Invoking: Cross ARM C Compiler
arm-none-eabi-gcc -mcpu=cortex-m0 -mthumb -Og -fmessage-length=0 -fsigned-char -ffunction-sections -fdata-sections -ffreestanding -fno-move-loop-invariants -Wall -Wextra  -g3 -DDEBUG -DUSE_FULL_ASSERT -DTRACE -DOS_USE_TRACE_SEMIHOSTING_DEBUG -DSTM32F030 -DUSE_STDPERIPH_DRIVER -DHSE_VALUE=8000000 -I"../include" -I"../system/include" -I"../system/include/cmsis" -I"../system/include/stm32f0-stdperiph" -std=gnu11 -MMD -MP -MF"src/Terminal.d" -MT"src/Terminal.o" -c -o "src/Terminal.o" "../src/Terminal.c"
../src/Terminal.c: In function 'DisplaySystemInformation':
../src/Terminal.c:84:25: warning: multi-character character constant [-Wmultichar]
  SerialPort2.SendString('\n> ');
                         ^
../src/Terminal.c:84:25: warning: passing argument 1 of 'SerialPort2.SendString' makes pointer from integer without a cast
../src/Terminal.c:84:25: note: expected 'const unsigned char *' but argument is of type 'int'
../src/Terminal.c: In function 'Terminal_Process':
../src/Terminal.c:289:26: warning: multi-character character constant [-Wmultichar]
   SerialPort2.SendString('\n> ');
                          ^
../src/Terminal.c:289:26: warning: passing argument 1 of 'SerialPort2.SendString' makes pointer from integer without a cast
../src/Terminal.c:289:26: note: expected 'const unsigned char *' but argument is of type 'int'
Finished building: ../src/Terminal.c
 
Building target: Lesson_10 - Terminal Program - Part 4.elf
Invoking: Cross ARM C++ Linker
arm-none-eabi-g++ -mcpu=cortex-m0 -mthumb -Og -fmessage-length=0 -fsigned-char -ffunction-sections -fdata-sections -ffreestanding -fno-move-loop-invariants -Wall -Wextra  -g3 -T mem.ld -T libs.ld -T sections.ld -nostartfiles -Xlinker --gc-sections -L"../ldscripts" -Wl,-Map,"Lesson_10 - Terminal Program - Part 4.map" --specs=nano.specs -o "Lesson_10 - Terminal Program - Part 4.elf"  ./system/src/stm32f0-stdperiph/stm32f0xx_gpio.o ./system/src/stm32f0-stdperiph/stm32f0xx_rcc.o  ./system/src/newlib/_cxx.o ./system/src/newlib/_exit.o ./system/src/newlib/_sbrk.o ./system/src/newlib/_startup.o ./system/src/newlib/_syscalls.o ./system/src/newlib/assert.o  ./system/src/diag/Trace.o ./system/src/diag/trace_impl.o  ./system/src/cortexm/_initialize_hardware.o ./system/src/cortexm/_reset_hardware.o ./system/src/cortexm/exception_handlers.o  ./system/src/cmsis/system_stm32f0xx.o ./system/src/cmsis/vectors_stm32f0xx.o  ./src/MCU/led.o ./src/MCU/tick.o ./src/MCU/usart2.o  ./src/FIFO.o ./src/Terminal.o ./src/main.o   
Finished building target: Lesson_10 - Terminal Program - Part 4.elf
 
make --no-print-directory post-build
Binary
arm-none-eabi-objcopy -S  -O binary  "Lesson_10 - Terminal Program - Part 4.elf" "Lesson_10 - Terminal Program - Part 4.bin"
 
Invoking: Cross ARM GNU Create Flash Image
arm-none-eabi-objcopy -O ihex "Lesson_10 - Terminal Program - Part 4.elf"  "Lesson_10 - Terminal Program - Part 4.hex"
Finished building: Lesson_10 - Terminal Program - Part 4.hex
 
Invoking: Cross ARM GNU Print Size
arm-none-eabi-size --format=berkeley "Lesson_10 - Terminal Program - Part 4.elf"
   text	   data	    bss	    dec	    hex	filename
  22304	    268	   3272	  25844	   64f4	Lesson_10 - Terminal Program - Part 4.elf
Finished building: Lesson_10 - Terminal Program - Part 4.siz
 
11:41:39 **** Incremental Build of configuration Debug for project Lesson_10 - Terminal Program - Part 4 ****
make all 
Invoking: Cross ARM GNU Print Size
arm-none-eabi-size --format=berkeley "Lesson_10 - Terminal Program - Part 4.elf"
   text	   data	    bss	    dec	    hex	filename
  22304	    268	   3272	  25844	   64f4	Lesson_10 - Terminal Program - Part 4.elf
Finished building: Lesson_10 - Terminal Program - Part 4.siz
 
11:42:09 **** Incremental Build of configuration Debug for project Lesson_10 - Terminal Program - Part 4 ****
make all 
Invoking: Cross ARM GNU Print Size
arm-none-eabi-size --format=berkeley "Lesson_10 - Terminal Program - Part 4.elf"
   text	   data	    bss	    dec	    hex	filename
  22304	    268	   3272	  25844	   64f4	Lesson_10 - Terminal Program - Part 4.elf
Finished building: Lesson_10 - Terminal Program - Part 4.siz
 
11:42:59 **** Incremental Build of configuration Debug for project Lesson_10 - Terminal Program - Part 4 ****
make all 
Building file: ../src/Terminal.c
Invoking: Cross ARM C Compiler
arm-none-eabi-gcc -mcpu=cortex-m0 -mthumb -Og -fmessage-length=0 -fsigned-char -ffunction-sections -fdata-sections -ffreestanding -fno-move-loop-invariants -Wall -Wextra  -g3 -DDEBUG -DUSE_FULL_ASSERT -DTRACE -DOS_USE_TRACE_SEMIHOSTING_DEBUG -DSTM32F030 -DUSE_STDPERIPH_DRIVER -DHSE_VALUE=8000000 -I"../include" -I"../system/include" -I"../system/include/cmsis" -I"../system/include/stm32f0-stdperiph" -std=gnu11 -MMD -MP -MF"src/Terminal.d" -MT"src/Terminal.o" -c -o "src/Terminal.o" "../src/Terminal.c"
../src/Terminal.c: In function 'DisplaySystemInformation':
../src/Terminal.c:84:25: warning: pointer targets in passing argument 1 of 'SerialPort2.SendString' differ in signedness [-Wpointer-sign]
  SerialPort2.SendString("\n> ");
                         ^
../src/Terminal.c:84:25: note: expected 'const unsigned char *' but argument is of type 'char *'
../src/Terminal.c: In function 'Terminal_Process':
../src/Terminal.c:289:26: warning: pointer targets in passing argument 1 of 'SerialPort2.SendString' differ in signedness [-Wpointer-sign]
   SerialPort2.SendString("\n> ");
                          ^
../src/Terminal.c:289:26: note: expected 'const unsigned char *' but argument is of type 'char *'
Finished building: ../src/Terminal.c
 
Building target: Lesson_10 - Terminal Program - Part 4.elf
Invoking: Cross ARM C++ Linker
arm-none-eabi-g++ -mcpu=cortex-m0 -mthumb -Og -fmessage-length=0 -fsigned-char -ffunction-sections -fdata-sections -ffreestanding -fno-move-loop-invariants -Wall -Wextra  -g3 -T mem.ld -T libs.ld -T sections.ld -nostartfiles -Xlinker --gc-sections -L"../ldscripts" -Wl,-Map,"Lesson_10 - Terminal Program - Part 4.map" --specs=nano.specs -o "Lesson_10 - Terminal Program - Part 4.elf"  ./system/src/stm32f0-stdperiph/stm32f0xx_gpio.o ./system/src/stm32f0-stdperiph/stm32f0xx_rcc.o  ./system/src/newlib/_cxx.o ./system/src/newlib/_exit.o ./system/src/newlib/_sbrk.o ./system/src/newlib/_startup.o ./system/src/newlib/_syscalls.o ./system/src/newlib/assert.o  ./system/src/diag/Trace.o ./system/src/diag/trace_impl.o  ./system/src/cortexm/_initialize_hardware.o ./system/src/cortexm/_reset_hardware.o ./system/src/cortexm/exception_handlers.o  ./system/src/cmsis/system_stm32f0xx.o ./system/src/cmsis/vectors_stm32f0xx.o  ./src/MCU/led.o ./src/MCU/tick.o ./src/MCU/usart2.o  ./src/FIFO.o ./src/Terminal.o ./src/main.o   
Finished building target: Lesson_10 - Terminal Program - Part 4.elf
 
make --no-print-directory post-build
Binary
arm-none-eabi-objcopy -S  -O binary  "Lesson_10 - Terminal Program - Part 4.elf" "Lesson_10 - Terminal Program - Part 4.bin"
 
Invoking: Cross ARM GNU Create Flash Image
arm-none-eabi-objcopy -O ihex "Lesson_10 - Terminal Program - Part 4.elf"  "Lesson_10 - Terminal Program - Part 4.hex"
Finished building: Lesson_10 - Terminal Program - Part 4.hex
 
Invoking: Cross ARM GNU Print Size
arm-none-eabi-size --format=berkeley "Lesson_10 - Terminal Program - Part 4.elf"
   text	   data	    bss	    dec	    hex	filename
  22312	    268	   3272	  25852	   64fc	Lesson_10 - Terminal Program - Part 4.elf
Finished building: Lesson_10 - Terminal Program - Part 4.siz
 
11:43:08 **** Incremental Build of configuration Debug for project Lesson_10 - Terminal Program - Part 4 ****
make all 
Invoking: Cross ARM GNU Print Size
arm-none-eabi-size --format=berkeley "Lesson_10 - Terminal Program - Part 4.elf"
   text	   data	    bss	    dec	    hex	filename
  22312	    268	   3272	  25852	   64fc	Lesson_10 - Terminal Program - Part 4.elf
Finished building: Lesson_10 - Terminal Program - Part 4.siz
 
