13:14:16 **** Incremental Build of configuration Debug for project Lesson_3 ****
make all 
Building file: ../src/main.c
Invoking: Cross ARM C Compiler
arm-none-eabi-gcc -mcpu=cortex-m0 -mthumb -Og -fmessage-length=0 -fsigned-char -ffunction-sections -fdata-sections -ffreestanding -fno-move-loop-invariants -Wall -Wextra  -g3 -DDEBUG -DUSE_FULL_ASSERT -DTRACE -DOS_USE_TRACE_SEMIHOSTING_DEBUG -DSTM32F030 -DUSE_STDPERIPH_DRIVER -DHSE_VALUE=8000000 -I"../include" -I"../system/include" -I"../system/include/cmsis" -I"../system/include/stm32f0-stdperiph" -std=gnu11 -MMD -MP -MF"src/main.d" -MT"src/main.o" -c -o "src/main.o" "../src/main.c"
../src/main.c: In function 'main':
../src/main.c:27:28: warning: pointer targets in passing argument 1 of 'SerialPort2.SendString' differ in signedness [-Wpointer-sign]
     SerialPort2.SendString((int8_t *)"Hello World\r\n");
                            ^
../src/main.c:27:28: note: expected 'const unsigned char *' but argument is of type 'signed char *'
Finished building: ../src/main.c
 
Building target: Lesson_3.elf
Invoking: Cross ARM C++ Linker
arm-none-eabi-g++ -mcpu=cortex-m0 -mthumb -Og -fmessage-length=0 -fsigned-char -ffunction-sections -fdata-sections -ffreestanding -fno-move-loop-invariants -Wall -Wextra  -g3 -T mem.ld -T libs.ld -T sections.ld -nostartfiles -Xlinker --gc-sections -L"../ldscripts" -Wl,-Map,"Lesson_3.map" --specs=nano.specs -o "Lesson_3.elf"  ./system/src/stm32f0-stdperiph/stm32f0xx_gpio.o ./system/src/stm32f0-stdperiph/stm32f0xx_rcc.o  ./system/src/newlib/_cxx.o ./system/src/newlib/_exit.o ./system/src/newlib/_sbrk.o ./system/src/newlib/_startup.o ./system/src/newlib/_syscalls.o ./system/src/newlib/assert.o  ./system/src/diag/Trace.o ./system/src/diag/trace_impl.o  ./system/src/cortexm/_initialize_hardware.o ./system/src/cortexm/_reset_hardware.o ./system/src/cortexm/exception_handlers.o  ./system/src/cmsis/system_stm32f0xx.o ./system/src/cmsis/vectors_stm32f0xx.o  ./src/MCU/led.o ./src/MCU/tick.o ./src/MCU/usart2.o  ./src/main.o   
Finished building target: Lesson_3.elf
 
make --no-print-directory post-build
Binary
arm-none-eabi-objcopy -S  -O binary  "Lesson_3.elf" "Lesson_3.bin"
 
Invoking: Cross ARM GNU Create Flash Image
arm-none-eabi-objcopy -O ihex "Lesson_3.elf"  "Lesson_3.hex"
Finished building: Lesson_3.hex
 
Invoking: Cross ARM GNU Print Size
arm-none-eabi-size --format=berkeley "Lesson_3.elf"
   text	   data	    bss	    dec	    hex	filename
   4789	    208	    420	   5417	   1529	Lesson_3.elf
Finished building: Lesson_3.siz
 
13:14:24 **** Incremental Build of configuration Debug for project Lesson_3 ****
make all 
Invoking: Cross ARM GNU Print Size
arm-none-eabi-size --format=berkeley "Lesson_3.elf"
   text	   data	    bss	    dec	    hex	filename
   4789	    208	    420	   5417	   1529	Lesson_3.elf
Finished building: Lesson_3.siz
 
13:15:20 **** Incremental Build of configuration Debug for project Lesson_3 ****
make all 
Building file: ../src/main.c
Invoking: Cross ARM C Compiler
arm-none-eabi-gcc -mcpu=cortex-m0 -mthumb -Og -fmessage-length=0 -fsigned-char -ffunction-sections -fdata-sections -ffreestanding -fno-move-loop-invariants -Wall -Wextra  -g3 -DDEBUG -DUSE_FULL_ASSERT -DTRACE -DOS_USE_TRACE_SEMIHOSTING_DEBUG -DSTM32F030 -DUSE_STDPERIPH_DRIVER -DHSE_VALUE=8000000 -I"../include" -I"../system/include" -I"../system/include/cmsis" -I"../system/include/stm32f0-stdperiph" -std=gnu11 -MMD -MP -MF"src/main.d" -MT"src/main.o" -c -o "src/main.o" "../src/main.c"
../src/main.c: In function 'main':
../src/main.c:27:28: warning: pointer targets in passing argument 1 of 'SerialPort2.SendString' differ in signedness [-Wpointer-sign]
     SerialPort2.SendString((int8_t *)"Hello World\r\n");
                            ^
../src/main.c:27:28: note: expected 'const unsigned char *' but argument is of type 'signed char *'
Finished building: ../src/main.c
 
Building target: Lesson_3.elf
Invoking: Cross ARM C++ Linker
arm-none-eabi-g++ -mcpu=cortex-m0 -mthumb -Og -fmessage-length=0 -fsigned-char -ffunction-sections -fdata-sections -ffreestanding -fno-move-loop-invariants -Wall -Wextra  -g3 -T mem.ld -T libs.ld -T sections.ld -nostartfiles -Xlinker --gc-sections -L"../ldscripts" -Wl,-Map,"Lesson_3.map" --specs=nano.specs -o "Lesson_3.elf"  ./system/src/stm32f0-stdperiph/stm32f0xx_gpio.o ./system/src/stm32f0-stdperiph/stm32f0xx_rcc.o  ./system/src/newlib/_cxx.o ./system/src/newlib/_exit.o ./system/src/newlib/_sbrk.o ./system/src/newlib/_startup.o ./system/src/newlib/_syscalls.o ./system/src/newlib/assert.o  ./system/src/diag/Trace.o ./system/src/diag/trace_impl.o  ./system/src/cortexm/_initialize_hardware.o ./system/src/cortexm/_reset_hardware.o ./system/src/cortexm/exception_handlers.o  ./system/src/cmsis/system_stm32f0xx.o ./system/src/cmsis/vectors_stm32f0xx.o  ./src/MCU/led.o ./src/MCU/tick.o ./src/MCU/usart2.o  ./src/main.o   
Finished building target: Lesson_3.elf
 
make --no-print-directory post-build
Binary
arm-none-eabi-objcopy -S  -O binary  "Lesson_3.elf" "Lesson_3.bin"
 
Invoking: Cross ARM GNU Create Flash Image
arm-none-eabi-objcopy -O ihex "Lesson_3.elf"  "Lesson_3.hex"
Finished building: Lesson_3.hex
 
Invoking: Cross ARM GNU Print Size
arm-none-eabi-size --format=berkeley "Lesson_3.elf"
   text	   data	    bss	    dec	    hex	filename
   4789	    208	    420	   5417	   1529	Lesson_3.elf
Finished building: Lesson_3.siz
 
