16:22:28 **** Build of configuration Debug for project Temperature ****
make all 
Building file: ../src/MCU/adc.c
Invoking: Cross ARM C Compiler
arm-none-eabi-gcc -mcpu=cortex-m0 -mthumb -Og -fmessage-length=0 -fsigned-char -ffunction-sections -fdata-sections -ffreestanding -fno-move-loop-invariants -Wall -Wextra  -g3 -DDEBUG -DUSE_FULL_ASSERT -DTRACE -DOS_USE_TRACE_SEMIHOSTING_DEBUG -DSTM32F030 -DUSE_STDPERIPH_DRIVER -DHSE_VALUE=8000000 -I"../include" -I"../system/include" -I"../system/include/cmsis" -I"../system/include/stm32f0-stdperiph" -std=gnu11 -MMD -MP -MF"src/MCU/adc.d" -MT"src/MCU/adc.o" -c -o "src/MCU/adc.o" "../src/MCU/adc.c"
../src/MCU/adc.c: In function 'ADC_Read':
../src/MCU/adc.c:33:37: warning: unused parameter 'channel' [-Wunused-parameter]
 uint_fast8_t ADC_Read(uint_fast32_t channel, uint_fast16_t * destination)
                                     ^
../src/MCU/adc.c:33:62: warning: unused parameter 'destination' [-Wunused-parameter]
 uint_fast8_t ADC_Read(uint_fast32_t channel, uint_fast16_t * destination)
                                                              ^
../src/MCU/adc.c: In function 'ADC_ReadNorm':
../src/MCU/adc.c:47:41: warning: unused parameter 'channel' [-Wunused-parameter]
 uint_fast8_t ADC_ReadNorm(uint_fast32_t channel, float * destination)
                                         ^
../src/MCU/adc.c:47:58: warning: unused parameter 'destination' [-Wunused-parameter]
 uint_fast8_t ADC_ReadNorm(uint_fast32_t channel, float * destination)
                                                          ^
../src/MCU/adc.c: In function 'ADC_ReturnCalibratedTemperaturer':
../src/MCU/adc.c:60:54: warning: unused parameter 'rawData' [-Wunused-parameter]
 float ADC_ReturnCalibratedTemperaturer(uint_fast16_t rawData)
                                                      ^
Finished building: ../src/MCU/adc.c
 
Building target: Temperature.elf
Invoking: Cross ARM C++ Linker
arm-none-eabi-g++ -mcpu=cortex-m0 -mthumb -Og -fmessage-length=0 -fsigned-char -ffunction-sections -fdata-sections -ffreestanding -fno-move-loop-invariants -Wall -Wextra  -g3 -T mem.ld -T libs.ld -T sections.ld -nostartfiles -Xlinker --gc-sections -L"../ldscripts" -Wl,-Map,"Temperature.map" --specs=nano.specs -o "Temperature.elf"  ./system/src/stm32f0-stdperiph/stm32f0xx_gpio.o ./system/src/stm32f0-stdperiph/stm32f0xx_rcc.o  ./system/src/newlib/_cxx.o ./system/src/newlib/_exit.o ./system/src/newlib/_sbrk.o ./system/src/newlib/_startup.o ./system/src/newlib/_syscalls.o ./system/src/newlib/assert.o  ./system/src/diag/Trace.o ./system/src/diag/trace_impl.o  ./system/src/cortexm/_initialize_hardware.o ./system/src/cortexm/_reset_hardware.o ./system/src/cortexm/exception_handlers.o  ./system/src/cmsis/system_stm32f0xx.o ./system/src/cmsis/vectors_stm32f0xx.o  ./src/MCU/adc.o ./src/MCU/led.o ./src/MCU/tick.o ./src/MCU/usart2.o  ./src/FIFO.o ./src/Terminal.o ./src/main.o   
Finished building target: Temperature.elf
 
make --no-print-directory post-build
Binary
arm-none-eabi-objcopy -S  -O binary  "Temperature.elf" "Temperature.bin"
 
Invoking: Cross ARM GNU Create Flash Image
arm-none-eabi-objcopy -O ihex "Temperature.elf"  "Temperature.hex"
Finished building: Temperature.hex
 
Invoking: Cross ARM GNU Print Size
arm-none-eabi-size --format=berkeley "Temperature.elf"
   text	   data	    bss	    dec	    hex	filename
  22312	    268	   3272	  25852	   64fc	Temperature.elf
Finished building: Temperature.siz
 

16:22:29 Build Finished (took 1s.79ms)

